14:55:05 **** Build of project Eth2Ser_bsp ****
make -k all 
"Running Make include in ps7_cortexa9_0/libsrc/All_Data_Sender_v1_0/src"
make -C ps7_cortexa9_0/libsrc/All_Data_Sender_v1_0/src -s include  "SHELL=CMD" "COMPILER=arm-none-eabi-gcc" "ARCHIVER=arm-none-eabi-ar" "COMPILER_FLAGS=  -O2 -c" "EXTRA_COMPILER_FLAGS=-mcpu=cortex-a9 -mfpu=vfpv3 -mfloat-abi=hard -nostartfiles -Wall -Wextra"
"Running Make include in ps7_cortexa9_0/libsrc/coresightps_dcc_v1_4/src"
make -C ps7_cortexa9_0/libsrc/coresightps_dcc_v1_4/src -s include  "SHELL=CMD" "COMPILER=arm-none-eabi-gcc" "ARCHIVER=arm-none-eabi-ar" "COMPILER_FLAGS=  -O2 -c" "EXTRA_COMPILER_FLAGS=-mcpu=cortex-a9 -mfpu=vfpv3 -mfloat-abi=hard -nostartfiles -Wall -Wextra"
"Running Make include in ps7_cortexa9_0/libsrc/cpu_cortexa9_v2_4/src"
make -C ps7_cortexa9_0/libsrc/cpu_cortexa9_v2_4/src -s include  "SHELL=CMD" "COMPILER=arm-none-eabi-gcc" "ARCHIVER=arm-none-eabi-ar" "COMPILER_FLAGS=  -O2 -c" "EXTRA_COMPILER_FLAGS=-mcpu=cortex-a9 -mfpu=vfpv3 -mfloat-abi=hard -nostartfiles -Wall -Wextra"
"Running Make include in ps7_cortexa9_0/libsrc/ddrps_v1_0/src"
make -C ps7_cortexa9_0/libsrc/ddrps_v1_0/src -s include  "SHELL=CMD" "COMPILER=arm-none-eabi-gcc" "ARCHIVER=arm-none-eabi-ar" "COMPILER_FLAGS=  -O2 -c" "EXTRA_COMPILER_FLAGS=-mcpu=cortex-a9 -mfpu=vfpv3 -mfloat-abi=hard -nostartfiles -Wall -Wextra"
"Running Make include in ps7_cortexa9_0/libsrc/devcfg_v3_4/src"
make -C ps7_cortexa9_0/libsrc/devcfg_v3_4/src -s include  "SHELL=CMD" "COMPILER=arm-none-eabi-gcc" "ARCHIVER=arm-none-eabi-ar" "COMPILER_FLAGS=  -O2 -c" "EXTRA_COMPILER_FLAGS=-mcpu=cortex-a9 -mfpu=vfpv3 -mfloat-abi=hard -nostartfiles -Wall -Wextra"
"Running Make include in ps7_cortexa9_0/libsrc/dmaps_v2_3/src"
make -C ps7_cortexa9_0/libsrc/dmaps_v2_3/src -s include  "SHELL=CMD" "COMPILER=arm-none-eabi-gcc" "ARCHIVER=arm-none-eabi-ar" "COMPILER_FLAGS=  -O2 -c" "EXTRA_COMPILER_FLAGS=-mcpu=cortex-a9 -mfpu=vfpv3 -mfloat-abi=hard -nostartfiles -Wall -Wextra"
"Running Make include in ps7_cortexa9_0/libsrc/emacps_v3_4/src"
make -C ps7_cortexa9_0/libsrc/emacps_v3_4/src -s include  "SHELL=CMD" "COMPILER=arm-none-eabi-gcc" "ARCHIVER=arm-none-eabi-ar" "COMPILER_FLAGS=  -O2 -c" "EXTRA_COMPILER_FLAGS=-mcpu=cortex-a9 -mfpu=vfpv3 -mfloat-abi=hard -nostartfiles -Wall -Wextra"
"Running Make include in ps7_cortexa9_0/libsrc/gpio_v4_3/src"
make -C ps7_cortexa9_0/libsrc/gpio_v4_3/src -s include  "SHELL=CMD" "COMPILER=arm-none-eabi-gcc" "ARCHIVER=arm-none-eabi-ar" "COMPILER_FLAGS=  -O2 -c" "EXTRA_COMPILER_FLAGS=-mcpu=cortex-a9 -mfpu=vfpv3 -mfloat-abi=hard -nostartfiles -Wall -Wextra"
"Running Make include in ps7_cortexa9_0/libsrc/gpiops_v3_3/src"
make -C ps7_cortexa9_0/libsrc/gpiops_v3_3/src -s include  "SHELL=CMD" "COMPILER=arm-none-eabi-gcc" "ARCHIVER=arm-none-eabi-ar" "COMPILER_FLAGS=  -O2 -c" "EXTRA_COMPILER_FLAGS=-mcpu=cortex-a9 -mfpu=vfpv3 -mfloat-abi=hard -nostartfiles -Wall -Wextra"
"Running Make include in ps7_cortexa9_0/libsrc/lwip141_v1_8/src"
make -C ps7_cortexa9_0/libsrc/lwip141_v1_8/src -s include  "SHELL=CMD" "COMPILER=arm-none-eabi-gcc" "ARCHIVER=arm-none-eabi-ar" "COMPILER_FLAGS=  -O2 -c" "EXTRA_COMPILER_FLAGS=-mcpu=cortex-a9 -mfpu=vfpv3 -mfloat-abi=hard -nostartfiles -Wall -Wextra"
"Running Make include in ps7_cortexa9_0/libsrc/qspips_v3_3/src"
make -C ps7_cortexa9_0/libsrc/qspips_v3_3/src -s include  "SHELL=CMD" "COMPILER=arm-none-eabi-gcc" "ARCHIVER=arm-none-eabi-ar" "COMPILER_FLAGS=  -O2 -c" "EXTRA_COMPILER_FLAGS=-mcpu=cortex-a9 -mfpu=vfpv3 -mfloat-abi=hard -nostartfiles -Wall -Wextra"
"Running Make include in ps7_cortexa9_0/libsrc/scugic_v3_7/src"
make -C ps7_cortexa9_0/libsrc/scugic_v3_7/src -s include  "SHELL=CMD" "COMPILER=arm-none-eabi-gcc" "ARCHIVER=arm-none-eabi-ar" "COMPILER_FLAGS=  -O2 -c" "EXTRA_COMPILER_FLAGS=-mcpu=cortex-a9 -mfpu=vfpv3 -mfloat-abi=hard -nostartfiles -Wall -Wextra"
"Running Make include in ps7_cortexa9_0/libsrc/scutimer_v2_1/src"
make -C ps7_cortexa9_0/libsrc/scutimer_v2_1/src -s include  "SHELL=CMD" "COMPILER=arm-none-eabi-gcc" "ARCHIVER=arm-none-eabi-ar" "COMPILER_FLAGS=  -O2 -c" "EXTRA_COMPILER_FLAGS=-mcpu=cortex-a9 -mfpu=vfpv3 -mfloat-abi=hard -nostartfiles -Wall -Wextra"
"Running Make include in ps7_cortexa9_0/libsrc/scuwdt_v2_1/src"
make -C ps7_cortexa9_0/libsrc/scuwdt_v2_1/src -s include  "SHELL=CMD" "COMPILER=arm-none-eabi-gcc" "ARCHIVER=arm-none-eabi-ar" "COMPILER_FLAGS=  -O2 -c" "EXTRA_COMPILER_FLAGS=-mcpu=cortex-a9 -mfpu=vfpv3 -mfloat-abi=hard -nostartfiles -Wall -Wextra"
"Running Make include in ps7_cortexa9_0/libsrc/sdps_v3_2/src"
make -C ps7_cortexa9_0/libsrc/sdps_v3_2/src -s include  "SHELL=CMD" "COMPILER=arm-none-eabi-gcc" "ARCHIVER=arm-none-eabi-ar" "COMPILER_FLAGS=  -O2 -c" "EXTRA_COMPILER_FLAGS=-mcpu=cortex-a9 -mfpu=vfpv3 -mfloat-abi=hard -nostartfiles -Wall -Wextra"
"Running Make include in ps7_cortexa9_0/libsrc/standalone_v6_3/src"
make -C ps7_cortexa9_0/libsrc/standalone_v6_3/src -s include  "SHELL=CMD" "COMPILER=arm-none-eabi-gcc" "ARCHIVER=arm-none-eabi-ar" "COMPILER_FLAGS=  -O2 -c" "EXTRA_COMPILER_FLAGS=-mcpu=cortex-a9 -mfpu=vfpv3 -mfloat-abi=hard -nostartfiles -Wall -Wextra"
"Running Make include in ps7_cortexa9_0/libsrc/UART_Config_Register_v1_0/src"
make -C ps7_cortexa9_0/libsrc/UART_Config_Register_v1_0/src -s include  "SHELL=CMD" "COMPILER=arm-none-eabi-gcc" "ARCHIVER=arm-none-eabi-ar" "COMPILER_FLAGS=  -O2 -c" "EXTRA_COMPILER_FLAGS=-mcpu=cortex-a9 -mfpu=vfpv3 -mfloat-abi=hard -nostartfiles -Wall -Wextra"
"Running Make include in ps7_cortexa9_0/libsrc/uartps_v3_4/src"
make -C ps7_cortexa9_0/libsrc/uartps_v3_4/src -s include  "SHELL=CMD" "COMPILER=arm-none-eabi-gcc" "ARCHIVER=arm-none-eabi-ar" "COMPILER_FLAGS=  -O2 -c" "EXTRA_COMPILER_FLAGS=-mcpu=cortex-a9 -mfpu=vfpv3 -mfloat-abi=hard -nostartfiles -Wall -Wextra"
"Running Make include in ps7_cortexa9_0/libsrc/usbps_v2_4/src"
make -C ps7_cortexa9_0/libsrc/usbps_v2_4/src -s include  "SHELL=CMD" "COMPILER=arm-none-eabi-gcc" "ARCHIVER=arm-none-eabi-ar" "COMPILER_FLAGS=  -O2 -c" "EXTRA_COMPILER_FLAGS=-mcpu=cortex-a9 -mfpu=vfpv3 -mfloat-abi=hard -nostartfiles -Wall -Wextra"
"Running Make include in ps7_cortexa9_0/libsrc/xadcps_v2_2/src"
make -C ps7_cortexa9_0/libsrc/xadcps_v2_2/src -s include  "SHELL=CMD" "COMPILER=arm-none-eabi-gcc" "ARCHIVER=arm-none-eabi-ar" "COMPILER_FLAGS=  -O2 -c" "EXTRA_COMPILER_FLAGS=-mcpu=cortex-a9 -mfpu=vfpv3 -mfloat-abi=hard -nostartfiles -Wall -Wextra"
"Running Make libs in ps7_cortexa9_0/libsrc/All_Data_Sender_v1_0/src"
make -C ps7_cortexa9_0/libsrc/All_Data_Sender_v1_0/src -s libs  "SHELL=CMD" "COMPILER=arm-none-eabi-gcc" "ARCHIVER=arm-none-eabi-ar" "COMPILER_FLAGS=  -O2 -c" "EXTRA_COMPILER_FLAGS=-mcpu=cortex-a9 -mfpu=vfpv3 -mfloat-abi=hard -nostartfiles -Wall -Wextra"
"Compiling All_Data_Sender"
arm-none-eabi-ar: creating ../../../lib/libxil.a
"Running Make libs in ps7_cortexa9_0/libsrc/coresightps_dcc_v1_4/src"
make -C ps7_cortexa9_0/libsrc/coresightps_dcc_v1_4/src -s libs  "SHELL=CMD" "COMPILER=arm-none-eabi-gcc" "ARCHIVER=arm-none-eabi-ar" "COMPILER_FLAGS=  -O2 -c" "EXTRA_COMPILER_FLAGS=-mcpu=cortex-a9 -mfpu=vfpv3 -mfloat-abi=hard -nostartfiles -Wall -Wextra"
"Compiling coresightps_dcc"
"Running Make libs in ps7_cortexa9_0/libsrc/cpu_cortexa9_v2_4/src"
make -C ps7_cortexa9_0/libsrc/cpu_cortexa9_v2_4/src -s libs  "SHELL=CMD" "COMPILER=arm-none-eabi-gcc" "ARCHIVER=arm-none-eabi-ar" "COMPILER_FLAGS=  -O2 -c" "EXTRA_COMPILER_FLAGS=-mcpu=cortex-a9 -mfpu=vfpv3 -mfloat-abi=hard -nostartfiles -Wall -Wextra"
"Compiling cpu_cortexa9"
"Running Make libs in ps7_cortexa9_0/libsrc/ddrps_v1_0/src"
make -C ps7_cortexa9_0/libsrc/ddrps_v1_0/src -s libs  "SHELL=CMD" "COMPILER=arm-none-eabi-gcc" "ARCHIVER=arm-none-eabi-ar" "COMPILER_FLAGS=  -O2 -c" "EXTRA_COMPILER_FLAGS=-mcpu=cortex-a9 -mfpu=vfpv3 -mfloat-abi=hard -nostartfiles -Wall -Wextra"
"Compiling ddrps"
"Running Make libs in ps7_cortexa9_0/libsrc/devcfg_v3_4/src"
make -C ps7_cortexa9_0/libsrc/devcfg_v3_4/src -s libs  "SHELL=CMD" "COMPILER=arm-none-eabi-gcc" "ARCHIVER=arm-none-eabi-ar" "COMPILER_FLAGS=  -O2 -c" "EXTRA_COMPILER_FLAGS=-mcpu=cortex-a9 -mfpu=vfpv3 -mfloat-abi=hard -nostartfiles -Wall -Wextra"
"Compiling devcfg"
"Running Make libs in ps7_cortexa9_0/libsrc/dmaps_v2_3/src"
make -C ps7_cortexa9_0/libsrc/dmaps_v2_3/src -s libs  "SHELL=CMD" "COMPILER=arm-none-eabi-gcc" "ARCHIVER=arm-none-eabi-ar" "COMPILER_FLAGS=  -O2 -c" "EXTRA_COMPILER_FLAGS=-mcpu=cortex-a9 -mfpu=vfpv3 -mfloat-abi=hard -nostartfiles -Wall -Wextra"
"Compiling dmaps"
"Running Make libs in ps7_cortexa9_0/libsrc/emacps_v3_4/src"
make -C ps7_cortexa9_0/libsrc/emacps_v3_4/src -s libs  "SHELL=CMD" "COMPILER=arm-none-eabi-gcc" "ARCHIVER=arm-none-eabi-ar" "COMPILER_FLAGS=  -O2 -c" "EXTRA_COMPILER_FLAGS=-mcpu=cortex-a9 -mfpu=vfpv3 -mfloat-abi=hard -nostartfiles -Wall -Wextra"
"Compiling emacps"
"Running Make libs in ps7_cortexa9_0/libsrc/gpio_v4_3/src"
make -C ps7_cortexa9_0/libsrc/gpio_v4_3/src -s libs  "SHELL=CMD" "COMPILER=arm-none-eabi-gcc" "ARCHIVER=arm-none-eabi-ar" "COMPILER_FLAGS=  -O2 -c" "EXTRA_COMPILER_FLAGS=-mcpu=cortex-a9 -mfpu=vfpv3 -mfloat-abi=hard -nostartfiles -Wall -Wextra"
"Compiling gpio"
"Running Make libs in ps7_cortexa9_0/libsrc/gpiops_v3_3/src"
make -C ps7_cortexa9_0/libsrc/gpiops_v3_3/src -s libs  "SHELL=CMD" "COMPILER=arm-none-eabi-gcc" "ARCHIVER=arm-none-eabi-ar" "COMPILER_FLAGS=  -O2 -c" "EXTRA_COMPILER_FLAGS=-mcpu=cortex-a9 -mfpu=vfpv3 -mfloat-abi=hard -nostartfiles -Wall -Wextra"
"Compiling gpiops"
"Running Make libs in ps7_cortexa9_0/libsrc/lwip141_v1_8/src"
make -C ps7_cortexa9_0/libsrc/lwip141_v1_8/src -s libs  "SHELL=CMD" "COMPILER=arm-none-eabi-gcc" "ARCHIVER=arm-none-eabi-ar" "COMPILER_FLAGS=  -O2 -c" "EXTRA_COMPILER_FLAGS=-mcpu=cortex-a9 -mfpu=vfpv3 -mfloat-abi=hard -nostartfiles -Wall -Wextra"
"Compiling lwip src and adapter files"
In file included from ../../../include/lwip/ip.h:39:0,
                 from lwip-1.4.1/src/core/ipv4/ip.c:42:
lwip-1.4.1/src/core/ipv4/ip.c: In function 'ip_input':
../../../include/lwip/ip_addr.h:200:39: warning: the comparison will always evaluate as 'false' for the address of 'current_iphdr_src' will never be NULL [-Waddress]
 #define ip_addr_isany(addr1) ((addr1) == NULL || (addr1)->addr == IPADDR_ANY)
                                       ^
lwip-1.4.1/src/core/ipv4/ip.c:473:24: note: in expansion of macro 'ip_addr_isany'
   if (check_ip_src && !ip_addr_isany(&current_iphdr_src))
                        ^
In file included from ../../../include/lwip/netif.h:41:0,
                 from ../../../include/lwip/udp.h:40,
                 from lwip-1.4.1/src/core/dhcp.c:75:
lwip-1.4.1/src/core/dhcp.c: In function 'dhcp_bind':
../../../include/lwip/ip_addr.h:200:39: warning: the comparison will always evaluate as 'false' for the address of 'gw_addr' will never be NULL [-Waddress]
 #define ip_addr_isany(addr1) ((addr1) == NULL || (addr1)->addr == IPADDR_ANY)
                                       ^
lwip-1.4.1/src/core/dhcp.c:987:7: note: in expansion of macro 'ip_addr_isany'
   if (ip_addr_isany(&gw_addr)) {
       ^
In file included from ../../../include/xemacps.h:345:0,
                 from ../../../include/netif/xemacpsif.h:59,
                 from contrib/ports/xilinx/netif/xemacpsif_dma.c:39:
contrib/ports/xilinx/netif/xemacpsif_dma.c: In function 'init_dma':
../../../include/xemacps_bd.h:163:62: warning: 'bdrxterminate' may be used uninitialized in this function [-Wmaybe-uninitialized]
     (*(u32 *)((UINTPTR)(void*)(BaseAddress) + (u32)(Offset)) = (u32)(Data))
                                                              ^
contrib/ports/xilinx/netif/xemacpsif_dma.c:551:14: note: 'bdrxterminate' was declared here
  XEmacPs_Bd *bdrxterminate;
              ^
In file included from ../../../include/xemacps.h:345:0,
                 from ../../../include/netif/xemacpsif.h:59,
                 from contrib/ports/xilinx/netif/xemacpsif_dma.c:39:
../../../include/xemacps_bd.h:126:5: warning: 'bdtxterminate' may be used uninitialized in this function [-Wmaybe-uninitialized]
     memset((BdPtr), 0, sizeof(XEmacPs_Bd))
     ^
contrib/ports/xilinx/netif/xemacpsif_dma.c:550:14: note: 'bdtxterminate' was declared here
  XEmacPs_Bd *bdtxterminate;
              ^
"Running Make libs in ps7_cortexa9_0/libsrc/qspips_v3_3/src"
make -C ps7_cortexa9_0/libsrc/qspips_v3_3/src -s libs  "SHELL=CMD" "COMPILER=arm-none-eabi-gcc" "ARCHIVER=arm-none-eabi-ar" "COMPILER_FLAGS=  -O2 -c" "EXTRA_COMPILER_FLAGS=-mcpu=cortex-a9 -mfpu=vfpv3 -mfloat-abi=hard -nostartfiles -Wall -Wextra"
"Compiling qspips"
"Running Make libs in ps7_cortexa9_0/libsrc/scugic_v3_7/src"
make -C ps7_cortexa9_0/libsrc/scugic_v3_7/src -s libs  "SHELL=CMD" "COMPILER=arm-none-eabi-gcc" "ARCHIVER=arm-none-eabi-ar" "COMPILER_FLAGS=  -O2 -c" "EXTRA_COMPILER_FLAGS=-mcpu=cortex-a9 -mfpu=vfpv3 -mfloat-abi=hard -nostartfiles -Wall -Wextra"
"Compiling scugic"
xscugic_g.c:53:2: warning: missing initializer for field 'HandlerTable' of 'XScuGic_Config {aka struct <anonymous>}' [-Wmissing-field-initializers]
  }
  ^
In file included from xscugic_g.c:41:0:
xscugic.h:218:27: note: 'HandlerTable' declared here
  XScuGic_VectorTableEntry HandlerTable[XSCUGIC_MAX_NUM_INTR_INPUTS];/**<
                           ^~~~~~~~~~~~
"Running Make libs in ps7_cortexa9_0/libsrc/scutimer_v2_1/src"
make -C ps7_cortexa9_0/libsrc/scutimer_v2_1/src -s libs  "SHELL=CMD" "COMPILER=arm-none-eabi-gcc" "ARCHIVER=arm-none-eabi-ar" "COMPILER_FLAGS=  -O2 -c" "EXTRA_COMPILER_FLAGS=-mcpu=cortex-a9 -mfpu=vfpv3 -mfloat-abi=hard -nostartfiles -Wall -Wextra"
"Compiling scutimer"
"Running Make libs in ps7_cortexa9_0/libsrc/scuwdt_v2_1/src"
make -C ps7_cortexa9_0/libsrc/scuwdt_v2_1/src -s libs  "SHELL=CMD" "COMPILER=arm-none-eabi-gcc" "ARCHIVER=arm-none-eabi-ar" "COMPILER_FLAGS=  -O2 -c" "EXTRA_COMPILER_FLAGS=-mcpu=cortex-a9 -mfpu=vfpv3 -mfloat-abi=hard -nostartfiles -Wall -Wextra"
"Compiling scuwdt"
"Running Make libs in ps7_cortexa9_0/libsrc/sdps_v3_2/src"
make -C ps7_cortexa9_0/libsrc/sdps_v3_2/src -s libs  "SHELL=CMD" "COMPILER=arm-none-eabi-gcc" "ARCHIVER=arm-none-eabi-ar" "COMPILER_FLAGS=  -O2 -c" "EXTRA_COMPILER_FLAGS=-mcpu=cortex-a9 -mfpu=vfpv3 -mfloat-abi=hard -nostartfiles -Wall -Wextra"
"Compiling sdps"
"Running Make libs in ps7_cortexa9_0/libsrc/standalone_v6_3/src"
make -C ps7_cortexa9_0/libsrc/standalone_v6_3/src -s libs  "SHELL=CMD" "COMPILER=arm-none-eabi-gcc" "ARCHIVER=arm-none-eabi-ar" "COMPILER_FLAGS=  -O2 -c" "EXTRA_COMPILER_FLAGS=-mcpu=cortex-a9 -mfpu=vfpv3 -mfloat-abi=hard -nostartfiles -Wall -Wextra"
"Compiling standalone"
"Running Make libs in ps7_cortexa9_0/libsrc/UART_Config_Register_v1_0/src"
make -C ps7_cortexa9_0/libsrc/UART_Config_Register_v1_0/src -s libs  "SHELL=CMD" "COMPILER=arm-none-eabi-gcc" "ARCHIVER=arm-none-eabi-ar" "COMPILER_FLAGS=  -O2 -c" "EXTRA_COMPILER_FLAGS=-mcpu=cortex-a9 -mfpu=vfpv3 -mfloat-abi=hard -nostartfiles -Wall -Wextra"
"Compiling UART_Config_Register"
"Running Make libs in ps7_cortexa9_0/libsrc/uartps_v3_4/src"
make -C ps7_cortexa9_0/libsrc/uartps_v3_4/src -s libs  "SHELL=CMD" "COMPILER=arm-none-eabi-gcc" "ARCHIVER=arm-none-eabi-ar" "COMPILER_FLAGS=  -O2 -c" "EXTRA_COMPILER_FLAGS=-mcpu=cortex-a9 -mfpu=vfpv3 -mfloat-abi=hard -nostartfiles -Wall -Wextra"
"Compiling uartps"
"Running Make libs in ps7_cortexa9_0/libsrc/usbps_v2_4/src"
make -C ps7_cortexa9_0/libsrc/usbps_v2_4/src -s libs  "SHELL=CMD" "COMPILER=arm-none-eabi-gcc" "ARCHIVER=arm-none-eabi-ar" "COMPILER_FLAGS=  -O2 -c" "EXTRA_COMPILER_FLAGS=-mcpu=cortex-a9 -mfpu=vfpv3 -mfloat-abi=hard -nostartfiles -Wall -Wextra"
"Compiling usbps"
"Running Make libs in ps7_cortexa9_0/libsrc/xadcps_v2_2/src"
make -C ps7_cortexa9_0/libsrc/xadcps_v2_2/src -s libs  "SHELL=CMD" "COMPILER=arm-none-eabi-gcc" "ARCHIVER=arm-none-eabi-ar" "COMPILER_FLAGS=  -O2 -c" "EXTRA_COMPILER_FLAGS=-mcpu=cortex-a9 -mfpu=vfpv3 -mfloat-abi=hard -nostartfiles -Wall -Wextra"
"Compiling xadcps"
'Finished building libraries'
14:55:40 **** Build of configuration Debug for project Eth2Ser ****
make pre-build main-build 
a9-linaro-pre-build-step
' '
'Building file: ../src/echo.c'
'Invoking: ARM v7 gcc compiler'
arm-none-eabi-gcc -Wall -O0 -g3 -c -fmessage-length=0 -MT"src/echo.o" -mcpu=cortex-a9 -mfpu=vfpv3 -mfloat-abi=hard -I../../Eth2Ser_bsp/ps7_cortexa9_0/include -MMD -MP -MF"src/echo.d" -MT"src/echo.o" -o "src/echo.o" "../src/echo.c"
'Finished building: ../src/echo.c'
' '
'Building file: ../src/i2c_access.c'
'Invoking: ARM v7 gcc compiler'
arm-none-eabi-gcc -Wall -O0 -g3 -c -fmessage-length=0 -MT"src/i2c_access.o" -mcpu=cortex-a9 -mfpu=vfpv3 -mfloat-abi=hard -I../../Eth2Ser_bsp/ps7_cortexa9_0/include -MMD -MP -MF"src/i2c_access.d" -MT"src/i2c_access.o" -o "src/i2c_access.o" "../src/i2c_access.c"
'Finished building: ../src/i2c_access.c'
' '
'Building file: ../src/iic_phyreset.c'
'Invoking: ARM v7 gcc compiler'
arm-none-eabi-gcc -Wall -O0 -g3 -c -fmessage-length=0 -MT"src/iic_phyreset.o" -mcpu=cortex-a9 -mfpu=vfpv3 -mfloat-abi=hard -I../../Eth2Ser_bsp/ps7_cortexa9_0/include -MMD -MP -MF"src/iic_phyreset.d" -MT"src/iic_phyreset.o" -o "src/iic_phyreset.o" "../src/iic_phyreset.c"
'Finished building: ../src/iic_phyreset.c'
' '
'Building file: ../src/main.c'
'Invoking: ARM v7 gcc compiler'
arm-none-eabi-gcc -Wall -O0 -g3 -c -fmessage-length=0 -MT"src/main.o" -mcpu=cortex-a9 -mfpu=vfpv3 -mfloat-abi=hard -I../../Eth2Ser_bsp/ps7_cortexa9_0/include -MMD -MP -MF"src/main.d" -MT"src/main.o" -o "src/main.o" "../src/main.c"
'Finished building: ../src/main.c'
' '
'Building file: ../src/platform.c'
'Invoking: ARM v7 gcc compiler'
arm-none-eabi-gcc -Wall -O0 -g3 -c -fmessage-length=0 -MT"src/platform.o" -mcpu=cortex-a9 -mfpu=vfpv3 -mfloat-abi=hard -I../../Eth2Ser_bsp/ps7_cortexa9_0/include -MMD -MP -MF"src/platform.d" -MT"src/platform.o" -o "src/platform.o" "../src/platform.c"
'Finished building: ../src/platform.c'
' '
'Building file: ../src/platform_mb.c'
'Invoking: ARM v7 gcc compiler'
arm-none-eabi-gcc -Wall -O0 -g3 -c -fmessage-length=0 -MT"src/platform_mb.o" -mcpu=cortex-a9 -mfpu=vfpv3 -mfloat-abi=hard -I../../Eth2Ser_bsp/ps7_cortexa9_0/include -MMD -MP -MF"src/platform_mb.d" -MT"src/platform_mb.o" -o "src/platform_mb.o" "../src/platform_mb.c"
'Finished building: ../src/platform_mb.c'
' '
'Building file: ../src/platform_ppc.c'
'Invoking: ARM v7 gcc compiler'
arm-none-eabi-gcc -Wall -O0 -g3 -c -fmessage-length=0 -MT"src/platform_ppc.o" -mcpu=cortex-a9 -mfpu=vfpv3 -mfloat-abi=hard -I../../Eth2Ser_bsp/ps7_cortexa9_0/include -MMD -MP -MF"src/platform_ppc.d" -MT"src/platform_ppc.o" -o "src/platform_ppc.o" "../src/platform_ppc.c"
'Finished building: ../src/platform_ppc.c'
' '
'Building file: ../src/platform_zynq.c'
'Invoking: ARM v7 gcc compiler'
arm-none-eabi-gcc -Wall -O0 -g3 -c -fmessage-length=0 -MT"src/platform_zynq.o" -mcpu=cortex-a9 -mfpu=vfpv3 -mfloat-abi=hard -I../../Eth2Ser_bsp/ps7_cortexa9_0/include -MMD -MP -MF"src/platform_zynq.d" -MT"src/platform_zynq.o" -o "src/platform_zynq.o" "../src/platform_zynq.c"
'Finished building: ../src/platform_zynq.c'
' '
'Building file: ../src/platform_zynqmp.c'
'Invoking: ARM v7 gcc compiler'
arm-none-eabi-gcc -Wall -O0 -g3 -c -fmessage-length=0 -MT"src/platform_zynqmp.o" -mcpu=cortex-a9 -mfpu=vfpv3 -mfloat-abi=hard -I../../Eth2Ser_bsp/ps7_cortexa9_0/include -MMD -MP -MF"src/platform_zynqmp.d" -MT"src/platform_zynqmp.o" -o "src/platform_zynqmp.o" "../src/platform_zynqmp.c"
'Finished building: ../src/platform_zynqmp.c'
' '
'Building file: ../src/sfp.c'
'Invoking: ARM v7 gcc compiler'
arm-none-eabi-gcc -Wall -O0 -g3 -c -fmessage-length=0 -MT"src/sfp.o" -mcpu=cortex-a9 -mfpu=vfpv3 -mfloat-abi=hard -I../../Eth2Ser_bsp/ps7_cortexa9_0/include -MMD -MP -MF"src/sfp.d" -MT"src/sfp.o" -o "src/sfp.o" "../src/sfp.c"
'Finished building: ../src/sfp.c'
' '
'Building file: ../src/si5324.c'
'Invoking: ARM v7 gcc compiler'
arm-none-eabi-gcc -Wall -O0 -g3 -c -fmessage-length=0 -MT"src/si5324.o" -mcpu=cortex-a9 -mfpu=vfpv3 -mfloat-abi=hard -I../../Eth2Ser_bsp/ps7_cortexa9_0/include -MMD -MP -MF"src/si5324.d" -MT"src/si5324.o" -o "src/si5324.o" "../src/si5324.c"
'Finished building: ../src/si5324.c'
' '
'Building target: Eth2Ser.elf'
'Invoking: ARM v7 gcc linker'
arm-none-eabi-gcc -mcpu=cortex-a9 -mfpu=vfpv3 -mfloat-abi=hard -Wl,-build-id=none -specs=Xilinx.spec -Wl,-T -Wl,../src/lscript.ld -L../../Eth2Ser_bsp/ps7_cortexa9_0/lib -o "Eth2Ser.elf"  ./src/echo.o ./src/i2c_access.o ./src/iic_phyreset.o ./src/main.o ./src/platform.o ./src/platform_mb.o ./src/platform_ppc.o ./src/platform_zynq.o ./src/platform_zynqmp.o ./src/sfp.o ./src/si5324.o   -Wl,--start-group,-lxil,-lgcc,-lc,--end-group -Wl,--start-group,-lxil,-llwip4,-lgcc,-lc,--end-group
'Finished building target: Eth2Ser.elf'
' '
'Invoking: ARM v7 Print Size'
arm-none-eabi-size Eth2Ser.elf  |tee "Eth2Ser.elf.size"
   text	   data	    bss	    dec	    hex	filename
 104740	   3840	2218272	2326852	 238144	Eth2Ser.elf
'Finished building: Eth2Ser.elf.size'
' '
14:56:57 **** Auto Build of project Eth2Ser_bsp ****
make -k all 
"Running Make include in ps7_cortexa9_0/libsrc/All_Data_Sender_v1_0/src"
make -C ps7_cortexa9_0/libsrc/All_Data_Sender_v1_0/src -s include  "SHELL=CMD" "COMPILER=arm-none-eabi-gcc" "ARCHIVER=arm-none-eabi-ar" "COMPILER_FLAGS=  -O2 -c" "EXTRA_COMPILER_FLAGS=-mcpu=cortex-a9 -mfpu=vfpv3 -mfloat-abi=hard -nostartfiles -Wall -Wextra"
"Running Make include in ps7_cortexa9_0/libsrc/coresightps_dcc_v1_4/src"
make -C ps7_cortexa9_0/libsrc/coresightps_dcc_v1_4/src -s include  "SHELL=CMD" "COMPILER=arm-none-eabi-gcc" "ARCHIVER=arm-none-eabi-ar" "COMPILER_FLAGS=  -O2 -c" "EXTRA_COMPILER_FLAGS=-mcpu=cortex-a9 -mfpu=vfpv3 -mfloat-abi=hard -nostartfiles -Wall -Wextra"
"Running Make include in ps7_cortexa9_0/libsrc/cpu_cortexa9_v2_4/src"
make -C ps7_cortexa9_0/libsrc/cpu_cortexa9_v2_4/src -s include  "SHELL=CMD" "COMPILER=arm-none-eabi-gcc" "ARCHIVER=arm-none-eabi-ar" "COMPILER_FLAGS=  -O2 -c" "EXTRA_COMPILER_FLAGS=-mcpu=cortex-a9 -mfpu=vfpv3 -mfloat-abi=hard -nostartfiles -Wall -Wextra"
"Running Make include in ps7_cortexa9_0/libsrc/ddrps_v1_0/src"
make -C ps7_cortexa9_0/libsrc/ddrps_v1_0/src -s include  "SHELL=CMD" "COMPILER=arm-none-eabi-gcc" "ARCHIVER=arm-none-eabi-ar" "COMPILER_FLAGS=  -O2 -c" "EXTRA_COMPILER_FLAGS=-mcpu=cortex-a9 -mfpu=vfpv3 -mfloat-abi=hard -nostartfiles -Wall -Wextra"
"Running Make include in ps7_cortexa9_0/libsrc/devcfg_v3_4/src"
make -C ps7_cortexa9_0/libsrc/devcfg_v3_4/src -s include  "SHELL=CMD" "COMPILER=arm-none-eabi-gcc" "ARCHIVER=arm-none-eabi-ar" "COMPILER_FLAGS=  -O2 -c" "EXTRA_COMPILER_FLAGS=-mcpu=cortex-a9 -mfpu=vfpv3 -mfloat-abi=hard -nostartfiles -Wall -Wextra"
"Running Make include in ps7_cortexa9_0/libsrc/dmaps_v2_3/src"
make -C ps7_cortexa9_0/libsrc/dmaps_v2_3/src -s include  "SHELL=CMD" "COMPILER=arm-none-eabi-gcc" "ARCHIVER=arm-none-eabi-ar" "COMPILER_FLAGS=  -O2 -c" "EXTRA_COMPILER_FLAGS=-mcpu=cortex-a9 -mfpu=vfpv3 -mfloat-abi=hard -nostartfiles -Wall -Wextra"
"Running Make include in ps7_cortexa9_0/libsrc/emacps_v3_4/src"
make -C ps7_cortexa9_0/libsrc/emacps_v3_4/src -s include  "SHELL=CMD" "COMPILER=arm-none-eabi-gcc" "ARCHIVER=arm-none-eabi-ar" "COMPILER_FLAGS=  -O2 -c" "EXTRA_COMPILER_FLAGS=-mcpu=cortex-a9 -mfpu=vfpv3 -mfloat-abi=hard -nostartfiles -Wall -Wextra"
"Running Make include in ps7_cortexa9_0/libsrc/gpio_v4_3/src"
make -C ps7_cortexa9_0/libsrc/gpio_v4_3/src -s include  "SHELL=CMD" "COMPILER=arm-none-eabi-gcc" "ARCHIVER=arm-none-eabi-ar" "COMPILER_FLAGS=  -O2 -c" "EXTRA_COMPILER_FLAGS=-mcpu=cortex-a9 -mfpu=vfpv3 -mfloat-abi=hard -nostartfiles -Wall -Wextra"
"Running Make include in ps7_cortexa9_0/libsrc/gpiops_v3_3/src"
make -C ps7_cortexa9_0/libsrc/gpiops_v3_3/src -s include  "SHELL=CMD" "COMPILER=arm-none-eabi-gcc" "ARCHIVER=arm-none-eabi-ar" "COMPILER_FLAGS=  -O2 -c" "EXTRA_COMPILER_FLAGS=-mcpu=cortex-a9 -mfpu=vfpv3 -mfloat-abi=hard -nostartfiles -Wall -Wextra"
"Running Make include in ps7_cortexa9_0/libsrc/lwip141_v1_8/src"
make -C ps7_cortexa9_0/libsrc/lwip141_v1_8/src -s include  "SHELL=CMD" "COMPILER=arm-none-eabi-gcc" "ARCHIVER=arm-none-eabi-ar" "COMPILER_FLAGS=  -O2 -c" "EXTRA_COMPILER_FLAGS=-mcpu=cortex-a9 -mfpu=vfpv3 -mfloat-abi=hard -nostartfiles -Wall -Wextra"
"Running Make include in ps7_cortexa9_0/libsrc/qspips_v3_3/src"
make -C ps7_cortexa9_0/libsrc/qspips_v3_3/src -s include  "SHELL=CMD" "COMPILER=arm-none-eabi-gcc" "ARCHIVER=arm-none-eabi-ar" "COMPILER_FLAGS=  -O2 -c" "EXTRA_COMPILER_FLAGS=-mcpu=cortex-a9 -mfpu=vfpv3 -mfloat-abi=hard -nostartfiles -Wall -Wextra"
"Running Make include in ps7_cortexa9_0/libsrc/scugic_v3_7/src"
make -C ps7_cortexa9_0/libsrc/scugic_v3_7/src -s include  "SHELL=CMD" "COMPILER=arm-none-eabi-gcc" "ARCHIVER=arm-none-eabi-ar" "COMPILER_FLAGS=  -O2 -c" "EXTRA_COMPILER_FLAGS=-mcpu=cortex-a9 -mfpu=vfpv3 -mfloat-abi=hard -nostartfiles -Wall -Wextra"
"Running Make include in ps7_cortexa9_0/libsrc/scutimer_v2_1/src"
make -C ps7_cortexa9_0/libsrc/scutimer_v2_1/src -s include  "SHELL=CMD" "COMPILER=arm-none-eabi-gcc" "ARCHIVER=arm-none-eabi-ar" "COMPILER_FLAGS=  -O2 -c" "EXTRA_COMPILER_FLAGS=-mcpu=cortex-a9 -mfpu=vfpv3 -mfloat-abi=hard -nostartfiles -Wall -Wextra"
"Running Make include in ps7_cortexa9_0/libsrc/scuwdt_v2_1/src"
make -C ps7_cortexa9_0/libsrc/scuwdt_v2_1/src -s include  "SHELL=CMD" "COMPILER=arm-none-eabi-gcc" "ARCHIVER=arm-none-eabi-ar" "COMPILER_FLAGS=  -O2 -c" "EXTRA_COMPILER_FLAGS=-mcpu=cortex-a9 -mfpu=vfpv3 -mfloat-abi=hard -nostartfiles -Wall -Wextra"
"Running Make include in ps7_cortexa9_0/libsrc/sdps_v3_2/src"
make -C ps7_cortexa9_0/libsrc/sdps_v3_2/src -s include  "SHELL=CMD" "COMPILER=arm-none-eabi-gcc" "ARCHIVER=arm-none-eabi-ar" "COMPILER_FLAGS=  -O2 -c" "EXTRA_COMPILER_FLAGS=-mcpu=cortex-a9 -mfpu=vfpv3 -mfloat-abi=hard -nostartfiles -Wall -Wextra"
"Running Make include in ps7_cortexa9_0/libsrc/standalone_v6_3/src"
make -C ps7_cortexa9_0/libsrc/standalone_v6_3/src -s include  "SHELL=CMD" "COMPILER=arm-none-eabi-gcc" "ARCHIVER=arm-none-eabi-ar" "COMPILER_FLAGS=  -O2 -c" "EXTRA_COMPILER_FLAGS=-mcpu=cortex-a9 -mfpu=vfpv3 -mfloat-abi=hard -nostartfiles -Wall -Wextra"
"Running Make include in ps7_cortexa9_0/libsrc/UART_Config_Register_v1_0/src"
make -C ps7_cortexa9_0/libsrc/UART_Config_Register_v1_0/src -s include  "SHELL=CMD" "COMPILER=arm-none-eabi-gcc" "ARCHIVER=arm-none-eabi-ar" "COMPILER_FLAGS=  -O2 -c" "EXTRA_COMPILER_FLAGS=-mcpu=cortex-a9 -mfpu=vfpv3 -mfloat-abi=hard -nostartfiles -Wall -Wextra"
"Running Make include in ps7_cortexa9_0/libsrc/uartps_v3_4/src"
make -C ps7_cortexa9_0/libsrc/uartps_v3_4/src -s include  "SHELL=CMD" "COMPILER=arm-none-eabi-gcc" "ARCHIVER=arm-none-eabi-ar" "COMPILER_FLAGS=  -O2 -c" "EXTRA_COMPILER_FLAGS=-mcpu=cortex-a9 -mfpu=vfpv3 -mfloat-abi=hard -nostartfiles -Wall -Wextra"
"Running Make include in ps7_cortexa9_0/libsrc/usbps_v2_4/src"
make -C ps7_cortexa9_0/libsrc/usbps_v2_4/src -s include  "SHELL=CMD" "COMPILER=arm-none-eabi-gcc" "ARCHIVER=arm-none-eabi-ar" "COMPILER_FLAGS=  -O2 -c" "EXTRA_COMPILER_FLAGS=-mcpu=cortex-a9 -mfpu=vfpv3 -mfloat-abi=hard -nostartfiles -Wall -Wextra"
"Running Make include in ps7_cortexa9_0/libsrc/xadcps_v2_2/src"
make -C ps7_cortexa9_0/libsrc/xadcps_v2_2/src -s include  "SHELL=CMD" "COMPILER=arm-none-eabi-gcc" "ARCHIVER=arm-none-eabi-ar" "COMPILER_FLAGS=  -O2 -c" "EXTRA_COMPILER_FLAGS=-mcpu=cortex-a9 -mfpu=vfpv3 -mfloat-abi=hard -nostartfiles -Wall -Wextra"
"Running Make libs in ps7_cortexa9_0/libsrc/All_Data_Sender_v1_0/src"
make -C ps7_cortexa9_0/libsrc/All_Data_Sender_v1_0/src -s libs  "SHELL=CMD" "COMPILER=arm-none-eabi-gcc" "ARCHIVER=arm-none-eabi-ar" "COMPILER_FLAGS=  -O2 -c" "EXTRA_COMPILER_FLAGS=-mcpu=cortex-a9 -mfpu=vfpv3 -mfloat-abi=hard -nostartfiles -Wall -Wextra"
"Compiling All_Data_Sender"
arm-none-eabi-ar: creating ../../../lib/libxil.a
"Running Make libs in ps7_cortexa9_0/libsrc/coresightps_dcc_v1_4/src"
make -C ps7_cortexa9_0/libsrc/coresightps_dcc_v1_4/src -s libs  "SHELL=CMD" "COMPILER=arm-none-eabi-gcc" "ARCHIVER=arm-none-eabi-ar" "COMPILER_FLAGS=  -O2 -c" "EXTRA_COMPILER_FLAGS=-mcpu=cortex-a9 -mfpu=vfpv3 -mfloat-abi=hard -nostartfiles -Wall -Wextra"
"Compiling coresightps_dcc"
"Running Make libs in ps7_cortexa9_0/libsrc/cpu_cortexa9_v2_4/src"
make -C ps7_cortexa9_0/libsrc/cpu_cortexa9_v2_4/src -s libs  "SHELL=CMD" "COMPILER=arm-none-eabi-gcc" "ARCHIVER=arm-none-eabi-ar" "COMPILER_FLAGS=  -O2 -c" "EXTRA_COMPILER_FLAGS=-mcpu=cortex-a9 -mfpu=vfpv3 -mfloat-abi=hard -nostartfiles -Wall -Wextra"
"Compiling cpu_cortexa9"
"Running Make libs in ps7_cortexa9_0/libsrc/ddrps_v1_0/src"
make -C ps7_cortexa9_0/libsrc/ddrps_v1_0/src -s libs  "SHELL=CMD" "COMPILER=arm-none-eabi-gcc" "ARCHIVER=arm-none-eabi-ar" "COMPILER_FLAGS=  -O2 -c" "EXTRA_COMPILER_FLAGS=-mcpu=cortex-a9 -mfpu=vfpv3 -mfloat-abi=hard -nostartfiles -Wall -Wextra"
"Compiling ddrps"
"Running Make libs in ps7_cortexa9_0/libsrc/devcfg_v3_4/src"
make -C ps7_cortexa9_0/libsrc/devcfg_v3_4/src -s libs  "SHELL=CMD" "COMPILER=arm-none-eabi-gcc" "ARCHIVER=arm-none-eabi-ar" "COMPILER_FLAGS=  -O2 -c" "EXTRA_COMPILER_FLAGS=-mcpu=cortex-a9 -mfpu=vfpv3 -mfloat-abi=hard -nostartfiles -Wall -Wextra"
"Compiling devcfg"
"Running Make libs in ps7_cortexa9_0/libsrc/dmaps_v2_3/src"
make -C ps7_cortexa9_0/libsrc/dmaps_v2_3/src -s libs  "SHELL=CMD" "COMPILER=arm-none-eabi-gcc" "ARCHIVER=arm-none-eabi-ar" "COMPILER_FLAGS=  -O2 -c" "EXTRA_COMPILER_FLAGS=-mcpu=cortex-a9 -mfpu=vfpv3 -mfloat-abi=hard -nostartfiles -Wall -Wextra"
"Compiling dmaps"
"Running Make libs in ps7_cortexa9_0/libsrc/emacps_v3_4/src"
make -C ps7_cortexa9_0/libsrc/emacps_v3_4/src -s libs  "SHELL=CMD" "COMPILER=arm-none-eabi-gcc" "ARCHIVER=arm-none-eabi-ar" "COMPILER_FLAGS=  -O2 -c" "EXTRA_COMPILER_FLAGS=-mcpu=cortex-a9 -mfpu=vfpv3 -mfloat-abi=hard -nostartfiles -Wall -Wextra"
"Compiling emacps"
"Running Make libs in ps7_cortexa9_0/libsrc/gpio_v4_3/src"
make -C ps7_cortexa9_0/libsrc/gpio_v4_3/src -s libs  "SHELL=CMD" "COMPILER=arm-none-eabi-gcc" "ARCHIVER=arm-none-eabi-ar" "COMPILER_FLAGS=  -O2 -c" "EXTRA_COMPILER_FLAGS=-mcpu=cortex-a9 -mfpu=vfpv3 -mfloat-abi=hard -nostartfiles -Wall -Wextra"
"Compiling gpio"
"Running Make libs in ps7_cortexa9_0/libsrc/gpiops_v3_3/src"
make -C ps7_cortexa9_0/libsrc/gpiops_v3_3/src -s libs  "SHELL=CMD" "COMPILER=arm-none-eabi-gcc" "ARCHIVER=arm-none-eabi-ar" "COMPILER_FLAGS=  -O2 -c" "EXTRA_COMPILER_FLAGS=-mcpu=cortex-a9 -mfpu=vfpv3 -mfloat-abi=hard -nostartfiles -Wall -Wextra"
"Compiling gpiops"
"Running Make libs in ps7_cortexa9_0/libsrc/lwip141_v1_8/src"
make -C ps7_cortexa9_0/libsrc/lwip141_v1_8/src -s libs  "SHELL=CMD" "COMPILER=arm-none-eabi-gcc" "ARCHIVER=arm-none-eabi-ar" "COMPILER_FLAGS=  -O2 -c" "EXTRA_COMPILER_FLAGS=-mcpu=cortex-a9 -mfpu=vfpv3 -mfloat-abi=hard -nostartfiles -Wall -Wextra"
"Compiling lwip src and adapter files"
In file included from ../../../include/lwip/ip.h:39:0,
                 from lwip-1.4.1/src/core/ipv4/ip.c:42:
lwip-1.4.1/src/core/ipv4/ip.c: In function 'ip_input':
../../../include/lwip/ip_addr.h:200:39: warning: the comparison will always evaluate as 'false' for the address of 'current_iphdr_src' will never be NULL [-Waddress]
 #define ip_addr_isany(addr1) ((addr1) == NULL || (addr1)->addr == IPADDR_ANY)
                                       ^
lwip-1.4.1/src/core/ipv4/ip.c:473:24: note: in expansion of macro 'ip_addr_isany'
   if (check_ip_src && !ip_addr_isany(&current_iphdr_src))
                        ^
In file included from ../../../include/lwip/netif.h:41:0,
                 from ../../../include/lwip/udp.h:40,
                 from lwip-1.4.1/src/core/dhcp.c:75:
lwip-1.4.1/src/core/dhcp.c: In function 'dhcp_bind':
../../../include/lwip/ip_addr.h:200:39: warning: the comparison will always evaluate as 'false' for the address of 'gw_addr' will never be NULL [-Waddress]
 #define ip_addr_isany(addr1) ((addr1) == NULL || (addr1)->addr == IPADDR_ANY)
                                       ^
lwip-1.4.1/src/core/dhcp.c:987:7: note: in expansion of macro 'ip_addr_isany'
   if (ip_addr_isany(&gw_addr)) {
       ^
In file included from ../../../include/xemacps.h:345:0,
                 from ../../../include/netif/xemacpsif.h:59,
                 from contrib/ports/xilinx/netif/xemacpsif_dma.c:39:
contrib/ports/xilinx/netif/xemacpsif_dma.c: In function 'init_dma':
../../../include/xemacps_bd.h:163:62: warning: 'bdrxterminate' may be used uninitialized in this function [-Wmaybe-uninitialized]
     (*(u32 *)((UINTPTR)(void*)(BaseAddress) + (u32)(Offset)) = (u32)(Data))
                                                              ^
contrib/ports/xilinx/netif/xemacpsif_dma.c:551:14: note: 'bdrxterminate' was declared here
  XEmacPs_Bd *bdrxterminate;
              ^
In file included from ../../../include/xemacps.h:345:0,
                 from ../../../include/netif/xemacpsif.h:59,
                 from contrib/ports/xilinx/netif/xemacpsif_dma.c:39:
../../../include/xemacps_bd.h:126:5: warning: 'bdtxterminate' may be used uninitialized in this function [-Wmaybe-uninitialized]
     memset((BdPtr), 0, sizeof(XEmacPs_Bd))
     ^
contrib/ports/xilinx/netif/xemacpsif_dma.c:550:14: note: 'bdtxterminate' was declared here
  XEmacPs_Bd *bdtxterminate;
              ^
"Running Make libs in ps7_cortexa9_0/libsrc/qspips_v3_3/src"
make -C ps7_cortexa9_0/libsrc/qspips_v3_3/src -s libs  "SHELL=CMD" "COMPILER=arm-none-eabi-gcc" "ARCHIVER=arm-none-eabi-ar" "COMPILER_FLAGS=  -O2 -c" "EXTRA_COMPILER_FLAGS=-mcpu=cortex-a9 -mfpu=vfpv3 -mfloat-abi=hard -nostartfiles -Wall -Wextra"
"Compiling qspips"
"Running Make libs in ps7_cortexa9_0/libsrc/scugic_v3_7/src"
make -C ps7_cortexa9_0/libsrc/scugic_v3_7/src -s libs  "SHELL=CMD" "COMPILER=arm-none-eabi-gcc" "ARCHIVER=arm-none-eabi-ar" "COMPILER_FLAGS=  -O2 -c" "EXTRA_COMPILER_FLAGS=-mcpu=cortex-a9 -mfpu=vfpv3 -mfloat-abi=hard -nostartfiles -Wall -Wextra"
"Compiling scugic"
xscugic_g.c:53:2: warning: missing initializer for field 'HandlerTable' of 'XScuGic_Config {aka struct <anonymous>}' [-Wmissing-field-initializers]
  }
  ^
In file included from xscugic_g.c:41:0:
xscugic.h:218:27: note: 'HandlerTable' declared here
  XScuGic_VectorTableEntry HandlerTable[XSCUGIC_MAX_NUM_INTR_INPUTS];/**<
                           ^~~~~~~~~~~~
"Running Make libs in ps7_cortexa9_0/libsrc/scutimer_v2_1/src"
make -C ps7_cortexa9_0/libsrc/scutimer_v2_1/src -s libs  "SHELL=CMD" "COMPILER=arm-none-eabi-gcc" "ARCHIVER=arm-none-eabi-ar" "COMPILER_FLAGS=  -O2 -c" "EXTRA_COMPILER_FLAGS=-mcpu=cortex-a9 -mfpu=vfpv3 -mfloat-abi=hard -nostartfiles -Wall -Wextra"
"Compiling scutimer"
"Running Make libs in ps7_cortexa9_0/libsrc/scuwdt_v2_1/src"
make -C ps7_cortexa9_0/libsrc/scuwdt_v2_1/src -s libs  "SHELL=CMD" "COMPILER=arm-none-eabi-gcc" "ARCHIVER=arm-none-eabi-ar" "COMPILER_FLAGS=  -O2 -c" "EXTRA_COMPILER_FLAGS=-mcpu=cortex-a9 -mfpu=vfpv3 -mfloat-abi=hard -nostartfiles -Wall -Wextra"
"Compiling scuwdt"
"Running Make libs in ps7_cortexa9_0/libsrc/sdps_v3_2/src"
make -C ps7_cortexa9_0/libsrc/sdps_v3_2/src -s libs  "SHELL=CMD" "COMPILER=arm-none-eabi-gcc" "ARCHIVER=arm-none-eabi-ar" "COMPILER_FLAGS=  -O2 -c" "EXTRA_COMPILER_FLAGS=-mcpu=cortex-a9 -mfpu=vfpv3 -mfloat-abi=hard -nostartfiles -Wall -Wextra"
"Compiling sdps"
"Running Make libs in ps7_cortexa9_0/libsrc/standalone_v6_3/src"
make -C ps7_cortexa9_0/libsrc/standalone_v6_3/src -s libs  "SHELL=CMD" "COMPILER=arm-none-eabi-gcc" "ARCHIVER=arm-none-eabi-ar" "COMPILER_FLAGS=  -O2 -c" "EXTRA_COMPILER_FLAGS=-mcpu=cortex-a9 -mfpu=vfpv3 -mfloat-abi=hard -nostartfiles -Wall -Wextra"
"Compiling standalone"
"Running Make libs in ps7_cortexa9_0/libsrc/UART_Config_Register_v1_0/src"
make -C ps7_cortexa9_0/libsrc/UART_Config_Register_v1_0/src -s libs  "SHELL=CMD" "COMPILER=arm-none-eabi-gcc" "ARCHIVER=arm-none-eabi-ar" "COMPILER_FLAGS=  -O2 -c" "EXTRA_COMPILER_FLAGS=-mcpu=cortex-a9 -mfpu=vfpv3 -mfloat-abi=hard -nostartfiles -Wall -Wextra"
"Compiling UART_Config_Register"
"Running Make libs in ps7_cortexa9_0/libsrc/uartps_v3_4/src"
make -C ps7_cortexa9_0/libsrc/uartps_v3_4/src -s libs  "SHELL=CMD" "COMPILER=arm-none-eabi-gcc" "ARCHIVER=arm-none-eabi-ar" "COMPILER_FLAGS=  -O2 -c" "EXTRA_COMPILER_FLAGS=-mcpu=cortex-a9 -mfpu=vfpv3 -mfloat-abi=hard -nostartfiles -Wall -Wextra"
"Compiling uartps"
"Running Make libs in ps7_cortexa9_0/libsrc/usbps_v2_4/src"
make -C ps7_cortexa9_0/libsrc/usbps_v2_4/src -s libs  "SHELL=CMD" "COMPILER=arm-none-eabi-gcc" "ARCHIVER=arm-none-eabi-ar" "COMPILER_FLAGS=  -O2 -c" "EXTRA_COMPILER_FLAGS=-mcpu=cortex-a9 -mfpu=vfpv3 -mfloat-abi=hard -nostartfiles -Wall -Wextra"
"Compiling usbps"
"Running Make libs in ps7_cortexa9_0/libsrc/xadcps_v2_2/src"
make -C ps7_cortexa9_0/libsrc/xadcps_v2_2/src -s libs  "SHELL=CMD" "COMPILER=arm-none-eabi-gcc" "ARCHIVER=arm-none-eabi-ar" "COMPILER_FLAGS=  -O2 -c" "EXTRA_COMPILER_FLAGS=-mcpu=cortex-a9 -mfpu=vfpv3 -mfloat-abi=hard -nostartfiles -Wall -Wextra"
"Compiling xadcps"
'Finished building libraries'
14:57:28 **** Auto Build of configuration Debug for project Eth2Ser ****
make pre-build main-build 
a9-linaro-pre-build-step
' '
'Building file: ../src/echo.c'
'Invoking: ARM v7 gcc compiler'
arm-none-eabi-gcc -Wall -O0 -g3 -c -fmessage-length=0 -MT"src/echo.o" -mcpu=cortex-a9 -mfpu=vfpv3 -mfloat-abi=hard -I../../Eth2Ser_bsp/ps7_cortexa9_0/include -MMD -MP -MF"src/echo.d" -MT"src/echo.o" -o "src/echo.o" "../src/echo.c"
'Finished building: ../src/echo.c'
' '
'Building file: ../src/i2c_access.c'
'Invoking: ARM v7 gcc compiler'
arm-none-eabi-gcc -Wall -O0 -g3 -c -fmessage-length=0 -MT"src/i2c_access.o" -mcpu=cortex-a9 -mfpu=vfpv3 -mfloat-abi=hard -I../../Eth2Ser_bsp/ps7_cortexa9_0/include -MMD -MP -MF"src/i2c_access.d" -MT"src/i2c_access.o" -o "src/i2c_access.o" "../src/i2c_access.c"
'Finished building: ../src/i2c_access.c'
' '
'Building file: ../src/iic_phyreset.c'
'Invoking: ARM v7 gcc compiler'
arm-none-eabi-gcc -Wall -O0 -g3 -c -fmessage-length=0 -MT"src/iic_phyreset.o" -mcpu=cortex-a9 -mfpu=vfpv3 -mfloat-abi=hard -I../../Eth2Ser_bsp/ps7_cortexa9_0/include -MMD -MP -MF"src/iic_phyreset.d" -MT"src/iic_phyreset.o" -o "src/iic_phyreset.o" "../src/iic_phyreset.c"
'Finished building: ../src/iic_phyreset.c'
' '
'Building file: ../src/main.c'
'Invoking: ARM v7 gcc compiler'
arm-none-eabi-gcc -Wall -O0 -g3 -c -fmessage-length=0 -MT"src/main.o" -mcpu=cortex-a9 -mfpu=vfpv3 -mfloat-abi=hard -I../../Eth2Ser_bsp/ps7_cortexa9_0/include -MMD -MP -MF"src/main.d" -MT"src/main.o" -o "src/main.o" "../src/main.c"
'Finished building: ../src/main.c'
' '
'Building file: ../src/platform_zynq.c'
'Invoking: ARM v7 gcc compiler'
arm-none-eabi-gcc -Wall -O0 -g3 -c -fmessage-length=0 -MT"src/platform_zynq.o" -mcpu=cortex-a9 -mfpu=vfpv3 -mfloat-abi=hard -I../../Eth2Ser_bsp/ps7_cortexa9_0/include -MMD -MP -MF"src/platform_zynq.d" -MT"src/platform_zynq.o" -o "src/platform_zynq.o" "../src/platform_zynq.c"
'Finished building: ../src/platform_zynq.c'
' '
'Building file: ../src/platform_zynqmp.c'
'Invoking: ARM v7 gcc compiler'
arm-none-eabi-gcc -Wall -O0 -g3 -c -fmessage-length=0 -MT"src/platform_zynqmp.o" -mcpu=cortex-a9 -mfpu=vfpv3 -mfloat-abi=hard -I../../Eth2Ser_bsp/ps7_cortexa9_0/include -MMD -MP -MF"src/platform_zynqmp.d" -MT"src/platform_zynqmp.o" -o "src/platform_zynqmp.o" "../src/platform_zynqmp.c"
'Finished building: ../src/platform_zynqmp.c'
' '
'Building file: ../src/sfp.c'
'Invoking: ARM v7 gcc compiler'
arm-none-eabi-gcc -Wall -O0 -g3 -c -fmessage-length=0 -MT"src/sfp.o" -mcpu=cortex-a9 -mfpu=vfpv3 -mfloat-abi=hard -I../../Eth2Ser_bsp/ps7_cortexa9_0/include -MMD -MP -MF"src/sfp.d" -MT"src/sfp.o" -o "src/sfp.o" "../src/sfp.c"
'Finished building: ../src/sfp.c'
' '
'Building file: ../src/si5324.c'
'Invoking: ARM v7 gcc compiler'
arm-none-eabi-gcc -Wall -O0 -g3 -c -fmessage-length=0 -MT"src/si5324.o" -mcpu=cortex-a9 -mfpu=vfpv3 -mfloat-abi=hard -I../../Eth2Ser_bsp/ps7_cortexa9_0/include -MMD -MP -MF"src/si5324.d" -MT"src/si5324.o" -o "src/si5324.o" "../src/si5324.c"
'Finished building: ../src/si5324.c'
' '
'Building target: Eth2Ser.elf'
'Invoking: ARM v7 gcc linker'
arm-none-eabi-gcc -mcpu=cortex-a9 -mfpu=vfpv3 -mfloat-abi=hard -Wl,-build-id=none -specs=Xilinx.spec -Wl,-T -Wl,../src/lscript.ld -L../../Eth2Ser_bsp/ps7_cortexa9_0/lib -o "Eth2Ser.elf"  ./src/echo.o ./src/i2c_access.o ./src/iic_phyreset.o ./src/main.o ./src/platform.o ./src/platform_mb.o ./src/platform_ppc.o ./src/platform_zynq.o ./src/platform_zynqmp.o ./src/sfp.o ./src/si5324.o   -Wl,--start-group,-lxil,-lgcc,-lc,--end-group -Wl,--start-group,-lxil,-llwip4,-lgcc,-lc,--end-group
'Finished building target: Eth2Ser.elf'
' '
'Invoking: ARM v7 Print Size'
arm-none-eabi-size Eth2Ser.elf  |tee "Eth2Ser.elf.size"
   text	   data	    bss	    dec	    hex	filename
 103016	   3840	2218272	2325128	 237a88	Eth2Ser.elf
'Finished building: Eth2Ser.elf.size'
' '
15:07:04 **** Auto Build of configuration Debug for project Eth2Ser ****
make pre-build main-build 
a9-linaro-pre-build-step
' '
'Building file: ../src/Keypad.c'
'Invoking: ARM v7 gcc compiler'
arm-none-eabi-gcc -Wall -O0 -g3 -c -fmessage-length=0 -MT"src/Keypad.o" -mcpu=cortex-a9 -mfpu=vfpv3 -mfloat-abi=hard -I../../Eth2Ser_bsp/ps7_cortexa9_0/include -MMD -MP -MF"src/Keypad.d" -MT"src/Keypad.o" -o "src/Keypad.o" "../src/Keypad.c"
In file included from ../src/keypad.h:11:0,
                 from ../src/Keypad.c:8:
../src/main.h:160:100: warning: 'struct uart_port_features' declared inside parameter list will not be visible outside of this definition or declaration
 int Cache_Write_Uart_send(u8 port_Number[2] , int length , int index , u8* Uart_Send_Buff , struct uart_port_features* uart_port_features);
                                                                                                    ^~~~~~~~~~~~~~~~~~
In file included from ../src/keypad.h:11:0,
                 from ../src/Keypad.c:8:
../src/main.h:161:63: warning: 'struct uart_port_features' declared inside parameter list will not be visible outside of this definition or declaration
 void serial_send_data(u8 port_number[3] , int length , struct uart_port_features* uart_port_features);
                                                               ^~~~~~~~~~~~~~~~~~
../src/Keypad.c: In function 'Check_KeyPad':
../src/Keypad.c:256:4: warning: implicit declaration of function 'usleep' [-Wimplicit-function-declaration]
    usleep(5000);
    ^~~~~~
In file included from ../src/keypad.h:11:0,
                 from ../src/Keypad.c:8:
At top level:
../src/main.h:147:13: warning: 'Pointer_port_M_S' defined but not used [-Wunused-variable]
 static int *Pointer_port_M_S;
             ^~~~~~~~~~~~~~~~
../src/main.h:146:13: warning: 'Pointer_port_Config' defined but not used [-Wunused-variable]
 static int *Pointer_port_Config;
             ^~~~~~~~~~~~~~~~~~~
../src/main.h:145:13: warning: 'Pointer_port_15' defined but not used [-Wunused-variable]
 static int *Pointer_port_15;
             ^~~~~~~~~~~~~~~
../src/main.h:144:13: warning: 'Pointer_port_14' defined but not used [-Wunused-variable]
 static int *Pointer_port_14;
             ^~~~~~~~~~~~~~~
../src/main.h:143:13: warning: 'Pointer_port_13' defined but not used [-Wunused-variable]
 static int *Pointer_port_13;
             ^~~~~~~~~~~~~~~
../src/main.h:142:13: warning: 'Pointer_port_12' defined but not used [-Wunused-variable]
 static int *Pointer_port_12;
             ^~~~~~~~~~~~~~~
../src/main.h:141:13: warning: 'Pointer_port_11' defined but not used [-Wunused-variable]
 static int *Pointer_port_11;
             ^~~~~~~~~~~~~~~
../src/main.h:140:13: warning: 'Pointer_port_10' defined but not used [-Wunused-variable]
 static int *Pointer_port_10;
             ^~~~~~~~~~~~~~~
../src/main.h:139:13: warning: 'Pointer_port_9' defined but not used [-Wunused-variable]
 static int *Pointer_port_9;
             ^~~~~~~~~~~~~~
../src/main.h:138:13: warning: 'Pointer_port_8' defined but not used [-Wunused-variable]
 static int *Pointer_port_8;
             ^~~~~~~~~~~~~~
../src/main.h:137:13: warning: 'Pointer_port_7' defined but not used [-Wunused-variable]
 static int *Pointer_port_7;
             ^~~~~~~~~~~~~~
../src/main.h:136:13: warning: 'Pointer_port_6' defined but not used [-Wunused-variable]
 static int *Pointer_port_6;
             ^~~~~~~~~~~~~~
../src/main.h:135:13: warning: 'Pointer_port_5' defined but not used [-Wunused-variable]
 static int *Pointer_port_5;
             ^~~~~~~~~~~~~~
../src/main.h:134:13: warning: 'Pointer_port_4' defined but not used [-Wunused-variable]
 static int *Pointer_port_4;
             ^~~~~~~~~~~~~~
../src/main.h:133:13: warning: 'Pointer_port_3' defined but not used [-Wunused-variable]
 static int *Pointer_port_3;
             ^~~~~~~~~~~~~~
../src/main.h:132:13: warning: 'Pointer_port_2' defined but not used [-Wunused-variable]
 static int *Pointer_port_2;
             ^~~~~~~~~~~~~~
../src/main.h:131:13: warning: 'Pointer_port_1' defined but not used [-Wunused-variable]
 static int *Pointer_port_1;
             ^~~~~~~~~~~~~~
../src/main.h:130:13: warning: 'Pointer_port_0' defined but not used [-Wunused-variable]
 static int *Pointer_port_0;
             ^~~~~~~~~~~~~~
../src/main.h:128:13: warning: 'Pointer_Send' defined but not used [-Wunused-variable]
 static int *Pointer_Send;
             ^~~~~~~~~~~~
../src/main.h:88:12: warning: 'read_index_M_S' defined but not used [-Wunused-variable]
 static int read_index_M_S=0;
            ^~~~~~~~~~~~~~
../src/main.h:87:12: warning: 'read_index_Config' defined but not used [-Wunused-variable]
 static int read_index_Config=0;
            ^~~~~~~~~~~~~~~~~
../src/main.h:86:12: warning: 'read_index_15' defined but not used [-Wunused-variable]
 static int read_index_15=0;
            ^~~~~~~~~~~~~
../src/main.h:85:12: warning: 'read_index_14' defined but not used [-Wunused-variable]
 static int read_index_14=0;
            ^~~~~~~~~~~~~
../src/main.h:84:12: warning: 'read_index_13' defined but not used [-Wunused-variable]
 static int read_index_13=0;
            ^~~~~~~~~~~~~
../src/main.h:83:12: warning: 'read_index_12' defined but not used [-Wunused-variable]
 static int read_index_12=0;
            ^~~~~~~~~~~~~
../src/main.h:82:12: warning: 'read_index_11' defined but not used [-Wunused-variable]
 static int read_index_11=0;
            ^~~~~~~~~~~~~
../src/main.h:81:12: warning: 'read_index_10' defined but not used [-Wunused-variable]
 static int read_index_10=0;
            ^~~~~~~~~~~~~
../src/main.h:80:12: warning: 'read_index_9' defined but not used [-Wunused-variable]
 static int read_index_9=0;
            ^~~~~~~~~~~~
../src/main.h:79:12: warning: 'read_index_8' defined but not used [-Wunused-variable]
 static int read_index_8=0;
            ^~~~~~~~~~~~
../src/main.h:78:12: warning: 'read_index_7' defined but not used [-Wunused-variable]
 static int read_index_7=0;
            ^~~~~~~~~~~~
../src/main.h:77:12: warning: 'read_index_6' defined but not used [-Wunused-variable]
 static int read_index_6=0;
            ^~~~~~~~~~~~
../src/main.h:76:12: warning: 'read_index_5' defined but not used [-Wunused-variable]
 static int read_index_5=0;
            ^~~~~~~~~~~~
../src/main.h:75:12: warning: 'read_index_4' defined but not used [-Wunused-variable]
 static int read_index_4=0;
            ^~~~~~~~~~~~
../src/main.h:74:12: warning: 'read_index_3' defined but not used [-Wunused-variable]
 static int read_index_3=0;
            ^~~~~~~~~~~~
../src/main.h:73:12: warning: 'read_index_2' defined but not used [-Wunused-variable]
 static int read_index_2=0;
            ^~~~~~~~~~~~
../src/main.h:72:12: warning: 'read_index_1' defined but not used [-Wunused-variable]
 static int read_index_1=0;
            ^~~~~~~~~~~~
../src/main.h:71:12: warning: 'read_index_0' defined but not used [-Wunused-variable]
 static int read_index_0=0;
            ^~~~~~~~~~~~
../src/main.h:67:33: warning: 'Count_M_S' defined but not used [-Wunused-variable]
  u32 static *write_index_M_S,  *Count_M_S;
                                 ^~~~~~~~~
../src/main.h:67:14: warning: 'write_index_M_S' defined but not used [-Wunused-variable]
  u32 static *write_index_M_S,  *Count_M_S;
              ^~~~~~~~~~~~~~~
../src/main.h:66:35: warning: 'Count_Config' defined but not used [-Wunused-variable]
  u32 static *write_index_Config, *Count_Config;
                                   ^~~~~~~~~~~~
../src/main.h:66:14: warning: 'write_index_Config' defined but not used [-Wunused-variable]
  u32 static *write_index_Config, *Count_Config;
              ^~~~~~~~~~~~~~~~~~
../src/main.h:65:32: warning: 'Count_15' defined but not used [-Wunused-variable]
  u32 static *write_index_15,  *Count_15;
                                ^~~~~~~~
../src/main.h:65:14: warning: 'write_index_15' defined but not used [-Wunused-variable]
  u32 static *write_index_15,  *Count_15;
              ^~~~~~~~~~~~~~
../src/main.h:64:32: warning: 'Count_14' defined but not used [-Wunused-variable]
  u32 static *write_index_14,  *Count_14;
                                ^~~~~~~~
../src/main.h:64:14: warning: 'write_index_14' defined but not used [-Wunused-variable]
  u32 static *write_index_14,  *Count_14;
              ^~~~~~~~~~~~~~
../src/main.h:63:32: warning: 'Count_13' defined but not used [-Wunused-variable]
  u32 static *write_index_13,  *Count_13;
                                ^~~~~~~~
../src/main.h:63:14: warning: 'write_index_13' defined but not used [-Wunused-variable]
  u32 static *write_index_13,  *Count_13;
              ^~~~~~~~~~~~~~
../src/main.h:62:32: warning: 'Count_12' defined but not used [-Wunused-variable]
  u32 static *write_index_12,  *Count_12;
                                ^~~~~~~~
../src/main.h:62:14: warning: 'write_index_12' defined but not used [-Wunused-variable]
  u32 static *write_index_12,  *Count_12;
              ^~~~~~~~~~~~~~
../src/main.h:61:32: warning: 'Count_11' defined but not used [-Wunused-variable]
  u32 static *write_index_11,  *Count_11;
                                ^~~~~~~~
../src/main.h:61:14: warning: 'write_index_11' defined but not used [-Wunused-variable]
  u32 static *write_index_11,  *Count_11;
              ^~~~~~~~~~~~~~
../src/main.h:60:32: warning: 'Count_10' defined but not used [-Wunused-variable]
  u32 static *write_index_10,  *Count_10;
                                ^~~~~~~~
../src/main.h:60:14: warning: 'write_index_10' defined but not used [-Wunused-variable]
  u32 static *write_index_10,  *Count_10;
              ^~~~~~~~~~~~~~
../src/main.h:59:32: warning: 'Count_9' defined but not used [-Wunused-variable]
  u32 static *write_index_9,   *Count_9;
                                ^~~~~~~
../src/main.h:59:14: warning: 'write_index_9' defined but not used [-Wunused-variable]
  u32 static *write_index_9,   *Count_9;
              ^~~~~~~~~~~~~
../src/main.h:58:32: warning: 'Count_8' defined but not used [-Wunused-variable]
  u32 static *write_index_8,   *Count_8;
                                ^~~~~~~
../src/main.h:58:14: warning: 'write_index_8' defined but not used [-Wunused-variable]
  u32 static *write_index_8,   *Count_8;
              ^~~~~~~~~~~~~
../src/main.h:57:32: warning: 'Count_7' defined but not used [-Wunused-variable]
  u32 static *write_index_7,   *Count_7;
                                ^~~~~~~
../src/main.h:57:14: warning: 'write_index_7' defined but not used [-Wunused-variable]
  u32 static *write_index_7,   *Count_7;
              ^~~~~~~~~~~~~
../src/main.h:56:32: warning: 'Count_6' defined but not used [-Wunused-variable]
  u32 static *write_index_6,   *Count_6;
                                ^~~~~~~
../src/main.h:56:14: warning: 'write_index_6' defined but not used [-Wunused-variable]
  u32 static *write_index_6,   *Count_6;
              ^~~~~~~~~~~~~
../src/main.h:55:32: warning: 'Count_5' defined but not used [-Wunused-variable]
  u32 static *write_index_5,   *Count_5;
                                ^~~~~~~
../src/main.h:55:14: warning: 'write_index_5' defined but not used [-Wunused-variable]
  u32 static *write_index_5,   *Count_5;
              ^~~~~~~~~~~~~
../src/main.h:54:32: warning: 'Count_4' defined but not used [-Wunused-variable]
  u32 static *write_index_4,   *Count_4;
                                ^~~~~~~
../src/main.h:54:14: warning: 'write_index_4' defined but not used [-Wunused-variable]
  u32 static *write_index_4,   *Count_4;
              ^~~~~~~~~~~~~
../src/main.h:53:32: warning: 'Count_3' defined but not used [-Wunused-variable]
  u32 static *write_index_3,   *Count_3;
                                ^~~~~~~
../src/main.h:53:14: warning: 'write_index_3' defined but not used [-Wunused-variable]
  u32 static *write_index_3,   *Count_3;
              ^~~~~~~~~~~~~
../src/main.h:52:32: warning: 'Count_2' defined but not used [-Wunused-variable]
  u32 static *write_index_2,   *Count_2;
                                ^~~~~~~
../src/main.h:52:14: warning: 'write_index_2' defined but not used [-Wunused-variable]
  u32 static *write_index_2,   *Count_2;
              ^~~~~~~~~~~~~
../src/main.h:51:32: warning: 'Count_1' defined but not used [-Wunused-variable]
  u32 static *write_index_1,   *Count_1;
                                ^~~~~~~
../src/main.h:51:14: warning: 'write_index_1' defined but not used [-Wunused-variable]
  u32 static *write_index_1,   *Count_1;
              ^~~~~~~~~~~~~
../src/main.h:50:32: warning: 'Count_0' defined but not used [-Wunused-variable]
  u32 static *write_index_0,   *Count_0;
                                ^~~~~~~
../src/main.h:50:14: warning: 'write_index_0' defined but not used [-Wunused-variable]
  u32 static *write_index_0,   *Count_0;
              ^~~~~~~~~~~~~
'Finished building: ../src/Keypad.c'
' '
'Building file: ../src/LCD_Keypad_User_Init.c'
'Invoking: ARM v7 gcc compiler'
arm-none-eabi-gcc -Wall -O0 -g3 -c -fmessage-length=0 -MT"src/LCD_Keypad_User_Init.o" -mcpu=cortex-a9 -mfpu=vfpv3 -mfloat-abi=hard -I../../Eth2Ser_bsp/ps7_cortexa9_0/include -MMD -MP -MF"src/LCD_Keypad_User_Init.d" -MT"src/LCD_Keypad_User_Init.o" -o "src/LCD_Keypad_User_Init.o" "../src/LCD_Keypad_User_Init.c"
In file included from ../src/ports_features.h:13:0,
                 from ../src/LCD_Keypad_User_Init.h:11,
                 from ../src/LCD_Keypad_User_Init.c:9:
../src/protocol.h:214:216: warning: 'struct uart_port_features' declared inside parameter list will not be visible outside of this definition or declaration
 int Check_Protocol(int* index , u8* RcvBuff, struct port_specifications* Port_Specifications, struct Protocol_Structure* Ports_Protocol, struct Protocol_Structure* DDCMP , struct Protocol_Structure* Asterix, struct uart_port_features* uart_port_features , struct Rcv_Buffer_indexes* Rcv_Buffer_indexes , int* ethernet_packet_size);
                                                                                                                                                                                                                        ^~~~~~~~~~~~~~~~~~
../src/protocol.h:218:247: warning: 'struct uart_port_features' declared inside parameter list will not be visible outside of this definition or declaration
 int fill_fields(int protocol_ID, u8* RcvBuff, struct port_specifications* Port_Specifications, struct Protocol_Structure* Ports_Protocol, int port_number, int* index, struct Protocol_Structure* DDCMP, struct Protocol_Structure* Asterix ,  struct uart_port_features* uart_port_features , struct Rcv_Buffer_indexes* Rcv_Buffer_indexes);
                                                                                                                                                                                                                                                       ^~~~~~~~~~~~~~~~~~
In file included from ../src/LCD_Keypad_User_Init.h:12:0,
                 from ../src/LCD_Keypad_User_Init.c:9:
../src/stdutiles.h:47:0: warning: ignoring #pragma OT  [-Wunknown-pragmas]
 #pragma OT(9)       /* Selcet highest level of optimization */
 
In file included from ../src/keypad.h:11:0,
                 from ../src/LCD_Keypad_User_Init.c:11:
../src/main.h:13:0: warning: "INTC_DEVICE_ID" redefined
 #define INTC_DEVICE_ID    XPAR_PS7_SCUGIC_0_DEVICE_ID
 
In file included from ../src/protocol.h:18:0,
                 from ../src/ports_features.h:13,
                 from ../src/LCD_Keypad_User_Init.h:11,
                 from ../src/LCD_Keypad_User_Init.c:9:
../src/uart.h:63:0: note: this is the location of the previous definition
 #define INTC_DEVICE_ID  XPAR_SCUGIC_SINGLE_DEVICE_ID
 
../src/LCD_Keypad_User_Init.c: In function 'Assign_Keypad_User_Initials':
../src/LCD_Keypad_User_Init.c:44:8: warning: implicit declaration of function 'usleep' [-Wimplicit-function-declaration]
        usleep(200000);
        ^~~~~~
../src/LCD_Keypad_User_Init.c:19:8: warning: unused variable 'protocol_name' [-Wunused-variable]
  char* protocol_name;
        ^~~~~~~~~~~~~
../src/LCD_Keypad_User_Init.c:17:6: warning: variable 'Port_number_display' set but not used [-Wunused-but-set-variable]
  int Port_number_display=0;
      ^~~~~~~~~~~~~~~~~~~
../src/LCD_Keypad_User_Init.c:16:6: warning: unused variable 'Port_number' [-Wunused-variable]
  int Port_number =0;
      ^~~~~~~~~~~
In file included from ../src/keypad.h:11:0,
                 from ../src/LCD_Keypad_User_Init.c:11:
At top level:
../src/main.h:147:13: warning: 'Pointer_port_M_S' defined but not used [-Wunused-variable]
 static int *Pointer_port_M_S;
             ^~~~~~~~~~~~~~~~
../src/main.h:146:13: warning: 'Pointer_port_Config' defined but not used [-Wunused-variable]
 static int *Pointer_port_Config;
             ^~~~~~~~~~~~~~~~~~~
../src/main.h:145:13: warning: 'Pointer_port_15' defined but not used [-Wunused-variable]
 static int *Pointer_port_15;
             ^~~~~~~~~~~~~~~
../src/main.h:144:13: warning: 'Pointer_port_14' defined but not used [-Wunused-variable]
 static int *Pointer_port_14;
             ^~~~~~~~~~~~~~~
../src/main.h:143:13: warning: 'Pointer_port_13' defined but not used [-Wunused-variable]
 static int *Pointer_port_13;
             ^~~~~~~~~~~~~~~
../src/main.h:142:13: warning: 'Pointer_port_12' defined but not used [-Wunused-variable]
 static int *Pointer_port_12;
             ^~~~~~~~~~~~~~~
../src/main.h:141:13: warning: 'Pointer_port_11' defined but not used [-Wunused-variable]
 static int *Pointer_port_11;
             ^~~~~~~~~~~~~~~
../src/main.h:140:13: warning: 'Pointer_port_10' defined but not used [-Wunused-variable]
 static int *Pointer_port_10;
             ^~~~~~~~~~~~~~~
../src/main.h:139:13: warning: 'Pointer_port_9' defined but not used [-Wunused-variable]
 static int *Pointer_port_9;
             ^~~~~~~~~~~~~~
../src/main.h:138:13: warning: 'Pointer_port_8' defined but not used [-Wunused-variable]
 static int *Pointer_port_8;
             ^~~~~~~~~~~~~~
../src/main.h:137:13: warning: 'Pointer_port_7' defined but not used [-Wunused-variable]
 static int *Pointer_port_7;
             ^~~~~~~~~~~~~~
../src/main.h:136:13: warning: 'Pointer_port_6' defined but not used [-Wunused-variable]
 static int *Pointer_port_6;
             ^~~~~~~~~~~~~~
../src/main.h:135:13: warning: 'Pointer_port_5' defined but not used [-Wunused-variable]
 static int *Pointer_port_5;
             ^~~~~~~~~~~~~~
../src/main.h:134:13: warning: 'Pointer_port_4' defined but not used [-Wunused-variable]
 static int *Pointer_port_4;
             ^~~~~~~~~~~~~~
../src/main.h:133:13: warning: 'Pointer_port_3' defined but not used [-Wunused-variable]
 static int *Pointer_port_3;
             ^~~~~~~~~~~~~~
../src/main.h:132:13: warning: 'Pointer_port_2' defined but not used [-Wunused-variable]
 static int *Pointer_port_2;
             ^~~~~~~~~~~~~~
../src/main.h:131:13: warning: 'Pointer_port_1' defined but not used [-Wunused-variable]
 static int *Pointer_port_1;
             ^~~~~~~~~~~~~~
../src/main.h:130:13: warning: 'Pointer_port_0' defined but not used [-Wunused-variable]
 static int *Pointer_port_0;
             ^~~~~~~~~~~~~~
../src/main.h:128:13: warning: 'Pointer_Send' defined but not used [-Wunused-variable]
 static int *Pointer_Send;
             ^~~~~~~~~~~~
../src/main.h:88:12: warning: 'read_index_M_S' defined but not used [-Wunused-variable]
 static int read_index_M_S=0;
            ^~~~~~~~~~~~~~
../src/main.h:87:12: warning: 'read_index_Config' defined but not used [-Wunused-variable]
 static int read_index_Config=0;
            ^~~~~~~~~~~~~~~~~
../src/main.h:86:12: warning: 'read_index_15' defined but not used [-Wunused-variable]
 static int read_index_15=0;
            ^~~~~~~~~~~~~
../src/main.h:85:12: warning: 'read_index_14' defined but not used [-Wunused-variable]
 static int read_index_14=0;
            ^~~~~~~~~~~~~
../src/main.h:84:12: warning: 'read_index_13' defined but not used [-Wunused-variable]
 static int read_index_13=0;
            ^~~~~~~~~~~~~
../src/main.h:83:12: warning: 'read_index_12' defined but not used [-Wunused-variable]
 static int read_index_12=0;
            ^~~~~~~~~~~~~
../src/main.h:82:12: warning: 'read_index_11' defined but not used [-Wunused-variable]
 static int read_index_11=0;
            ^~~~~~~~~~~~~
../src/main.h:81:12: warning: 'read_index_10' defined but not used [-Wunused-variable]
 static int read_index_10=0;
            ^~~~~~~~~~~~~
../src/main.h:80:12: warning: 'read_index_9' defined but not used [-Wunused-variable]
 static int read_index_9=0;
            ^~~~~~~~~~~~
../src/main.h:79:12: warning: 'read_index_8' defined but not used [-Wunused-variable]
 static int read_index_8=0;
            ^~~~~~~~~~~~
../src/main.h:78:12: warning: 'read_index_7' defined but not used [-Wunused-variable]
 static int read_index_7=0;
            ^~~~~~~~~~~~
../src/main.h:77:12: warning: 'read_index_6' defined but not used [-Wunused-variable]
 static int read_index_6=0;
            ^~~~~~~~~~~~
../src/main.h:76:12: warning: 'read_index_5' defined but not used [-Wunused-variable]
 static int read_index_5=0;
            ^~~~~~~~~~~~
../src/main.h:75:12: warning: 'read_index_4' defined but not used [-Wunused-variable]
 static int read_index_4=0;
            ^~~~~~~~~~~~
../src/main.h:74:12: warning: 'read_index_3' defined but not used [-Wunused-variable]
 static int read_index_3=0;
            ^~~~~~~~~~~~
../src/main.h:73:12: warning: 'read_index_2' defined but not used [-Wunused-variable]
 static int read_index_2=0;
            ^~~~~~~~~~~~
../src/main.h:72:12: warning: 'read_index_1' defined but not used [-Wunused-variable]
 static int read_index_1=0;
            ^~~~~~~~~~~~
../src/main.h:71:12: warning: 'read_index_0' defined but not used [-Wunused-variable]
 static int read_index_0=0;
            ^~~~~~~~~~~~
../src/main.h:67:33: warning: 'Count_M_S' defined but not used [-Wunused-variable]
  u32 static *write_index_M_S,  *Count_M_S;
                                 ^~~~~~~~~
../src/main.h:67:14: warning: 'write_index_M_S' defined but not used [-Wunused-variable]
  u32 static *write_index_M_S,  *Count_M_S;
              ^~~~~~~~~~~~~~~
../src/main.h:66:35: warning: 'Count_Config' defined but not used [-Wunused-variable]
  u32 static *write_index_Config, *Count_Config;
                                   ^~~~~~~~~~~~
../src/main.h:66:14: warning: 'write_index_Config' defined but not used [-Wunused-variable]
  u32 static *write_index_Config, *Count_Config;
              ^~~~~~~~~~~~~~~~~~
../src/main.h:65:32: warning: 'Count_15' defined but not used [-Wunused-variable]
  u32 static *write_index_15,  *Count_15;
                                ^~~~~~~~
../src/main.h:65:14: warning: 'write_index_15' defined but not used [-Wunused-variable]
  u32 static *write_index_15,  *Count_15;
              ^~~~~~~~~~~~~~
../src/main.h:64:32: warning: 'Count_14' defined but not used [-Wunused-variable]
  u32 static *write_index_14,  *Count_14;
                                ^~~~~~~~
../src/main.h:64:14: warning: 'write_index_14' defined but not used [-Wunused-variable]
  u32 static *write_index_14,  *Count_14;
              ^~~~~~~~~~~~~~
../src/main.h:63:32: warning: 'Count_13' defined but not used [-Wunused-variable]
  u32 static *write_index_13,  *Count_13;
                                ^~~~~~~~
../src/main.h:63:14: warning: 'write_index_13' defined but not used [-Wunused-variable]
  u32 static *write_index_13,  *Count_13;
              ^~~~~~~~~~~~~~
../src/main.h:62:32: warning: 'Count_12' defined but not used [-Wunused-variable]
  u32 static *write_index_12,  *Count_12;
                                ^~~~~~~~
../src/main.h:62:14: warning: 'write_index_12' defined but not used [-Wunused-variable]
  u32 static *write_index_12,  *Count_12;
              ^~~~~~~~~~~~~~
../src/main.h:61:32: warning: 'Count_11' defined but not used [-Wunused-variable]
  u32 static *write_index_11,  *Count_11;
                                ^~~~~~~~
../src/main.h:61:14: warning: 'write_index_11' defined but not used [-Wunused-variable]
  u32 static *write_index_11,  *Count_11;
              ^~~~~~~~~~~~~~
../src/main.h:60:32: warning: 'Count_10' defined but not used [-Wunused-variable]
  u32 static *write_index_10,  *Count_10;
                                ^~~~~~~~
../src/main.h:60:14: warning: 'write_index_10' defined but not used [-Wunused-variable]
  u32 static *write_index_10,  *Count_10;
              ^~~~~~~~~~~~~~
../src/main.h:59:32: warning: 'Count_9' defined but not used [-Wunused-variable]
  u32 static *write_index_9,   *Count_9;
                                ^~~~~~~
../src/main.h:59:14: warning: 'write_index_9' defined but not used [-Wunused-variable]
  u32 static *write_index_9,   *Count_9;
              ^~~~~~~~~~~~~
../src/main.h:58:32: warning: 'Count_8' defined but not used [-Wunused-variable]
  u32 static *write_index_8,   *Count_8;
                                ^~~~~~~
../src/main.h:58:14: warning: 'write_index_8' defined but not used [-Wunused-variable]
  u32 static *write_index_8,   *Count_8;
              ^~~~~~~~~~~~~
../src/main.h:57:32: warning: 'Count_7' defined but not used [-Wunused-variable]
  u32 static *write_index_7,   *Count_7;
                                ^~~~~~~
../src/main.h:57:14: warning: 'write_index_7' defined but not used [-Wunused-variable]
  u32 static *write_index_7,   *Count_7;
              ^~~~~~~~~~~~~
../src/main.h:56:32: warning: 'Count_6' defined but not used [-Wunused-variable]
  u32 static *write_index_6,   *Count_6;
                                ^~~~~~~
../src/main.h:56:14: warning: 'write_index_6' defined but not used [-Wunused-variable]
  u32 static *write_index_6,   *Count_6;
              ^~~~~~~~~~~~~
../src/main.h:55:32: warning: 'Count_5' defined but not used [-Wunused-variable]
  u32 static *write_index_5,   *Count_5;
                                ^~~~~~~
../src/main.h:55:14: warning: 'write_index_5' defined but not used [-Wunused-variable]
  u32 static *write_index_5,   *Count_5;
              ^~~~~~~~~~~~~
../src/main.h:54:32: warning: 'Count_4' defined but not used [-Wunused-variable]
  u32 static *write_index_4,   *Count_4;
                                ^~~~~~~
../src/main.h:54:14: warning: 'write_index_4' defined but not used [-Wunused-variable]
  u32 static *write_index_4,   *Count_4;
              ^~~~~~~~~~~~~
../src/main.h:53:32: warning: 'Count_3' defined but not used [-Wunused-variable]
  u32 static *write_index_3,   *Count_3;
                                ^~~~~~~
../src/main.h:53:14: warning: 'write_index_3' defined but not used [-Wunused-variable]
  u32 static *write_index_3,   *Count_3;
              ^~~~~~~~~~~~~
../src/main.h:52:32: warning: 'Count_2' defined but not used [-Wunused-variable]
  u32 static *write_index_2,   *Count_2;
                                ^~~~~~~
../src/main.h:52:14: warning: 'write_index_2' defined but not used [-Wunused-variable]
  u32 static *write_index_2,   *Count_2;
              ^~~~~~~~~~~~~
../src/main.h:51:32: warning: 'Count_1' defined but not used [-Wunused-variable]
  u32 static *write_index_1,   *Count_1;
                                ^~~~~~~
../src/main.h:51:14: warning: 'write_index_1' defined but not used [-Wunused-variable]
  u32 static *write_index_1,   *Count_1;
              ^~~~~~~~~~~~~
../src/main.h:50:32: warning: 'Count_0' defined but not used [-Wunused-variable]
  u32 static *write_index_0,   *Count_0;
                                ^~~~~~~
../src/main.h:50:14: warning: 'write_index_0' defined but not used [-Wunused-variable]
  u32 static *write_index_0,   *Count_0;
              ^~~~~~~~~~~~~
'Finished building: ../src/LCD_Keypad_User_Init.c'
' '
'Building file: ../src/Redundancy.c'
'Invoking: ARM v7 gcc compiler'
arm-none-eabi-gcc -Wall -O0 -g3 -c -fmessage-length=0 -MT"src/Redundancy.o" -mcpu=cortex-a9 -mfpu=vfpv3 -mfloat-abi=hard -I../../Eth2Ser_bsp/ps7_cortexa9_0/include -MMD -MP -MF"src/Redundancy.d" -MT"src/Redundancy.o" -o "src/Redundancy.o" "../src/Redundancy.c"
In file included from ../src/ports_features.h:13:0,
                 from ../src/Redundancy.h:11,
                 from ../src/Redundancy.c:8:
../src/protocol.h:214:216: warning: 'struct uart_port_features' declared inside parameter list will not be visible outside of this definition or declaration
 int Check_Protocol(int* index , u8* RcvBuff, struct port_specifications* Port_Specifications, struct Protocol_Structure* Ports_Protocol, struct Protocol_Structure* DDCMP , struct Protocol_Structure* Asterix, struct uart_port_features* uart_port_features , struct Rcv_Buffer_indexes* Rcv_Buffer_indexes , int* ethernet_packet_size);
                                                                                                                                                                                                                        ^~~~~~~~~~~~~~~~~~
../src/protocol.h:218:247: warning: 'struct uart_port_features' declared inside parameter list will not be visible outside of this definition or declaration
 int fill_fields(int protocol_ID, u8* RcvBuff, struct port_specifications* Port_Specifications, struct Protocol_Structure* Ports_Protocol, int port_number, int* index, struct Protocol_Structure* DDCMP, struct Protocol_Structure* Asterix ,  struct uart_port_features* uart_port_features , struct Rcv_Buffer_indexes* Rcv_Buffer_indexes);
                                                                                                                                                                                                                                                       ^~~~~~~~~~~~~~~~~~
In file included from ../src/Redundancy.h:12:0,
                 from ../src/Redundancy.c:8:
../src/main.h:13:0: warning: "INTC_DEVICE_ID" redefined
 #define INTC_DEVICE_ID    XPAR_PS7_SCUGIC_0_DEVICE_ID
 
In file included from ../src/protocol.h:18:0,
                 from ../src/ports_features.h:13,
                 from ../src/Redundancy.h:11,
                 from ../src/Redundancy.c:8:
../src/uart.h:63:0: note: this is the location of the previous definition
 #define INTC_DEVICE_ID  XPAR_SCUGIC_SINGLE_DEVICE_ID
 
In file included from ../src/Redundancy.h:12:0,
                 from ../src/Redundancy.c:8:
../src/main.h:147:13: warning: 'Pointer_port_M_S' defined but not used [-Wunused-variable]
 static int *Pointer_port_M_S;
             ^~~~~~~~~~~~~~~~
../src/main.h:146:13: warning: 'Pointer_port_Config' defined but not used [-Wunused-variable]
 static int *Pointer_port_Config;
             ^~~~~~~~~~~~~~~~~~~
../src/main.h:145:13: warning: 'Pointer_port_15' defined but not used [-Wunused-variable]
 static int *Pointer_port_15;
             ^~~~~~~~~~~~~~~
../src/main.h:144:13: warning: 'Pointer_port_14' defined but not used [-Wunused-variable]
 static int *Pointer_port_14;
             ^~~~~~~~~~~~~~~
../src/main.h:143:13: warning: 'Pointer_port_13' defined but not used [-Wunused-variable]
 static int *Pointer_port_13;
             ^~~~~~~~~~~~~~~
../src/main.h:142:13: warning: 'Pointer_port_12' defined but not used [-Wunused-variable]
 static int *Pointer_port_12;
             ^~~~~~~~~~~~~~~
../src/main.h:141:13: warning: 'Pointer_port_11' defined but not used [-Wunused-variable]
 static int *Pointer_port_11;
             ^~~~~~~~~~~~~~~
../src/main.h:140:13: warning: 'Pointer_port_10' defined but not used [-Wunused-variable]
 static int *Pointer_port_10;
             ^~~~~~~~~~~~~~~
../src/main.h:139:13: warning: 'Pointer_port_9' defined but not used [-Wunused-variable]
 static int *Pointer_port_9;
             ^~~~~~~~~~~~~~
../src/main.h:138:13: warning: 'Pointer_port_8' defined but not used [-Wunused-variable]
 static int *Pointer_port_8;
             ^~~~~~~~~~~~~~
../src/main.h:137:13: warning: 'Pointer_port_7' defined but not used [-Wunused-variable]
 static int *Pointer_port_7;
             ^~~~~~~~~~~~~~
../src/main.h:136:13: warning: 'Pointer_port_6' defined but not used [-Wunused-variable]
 static int *Pointer_port_6;
             ^~~~~~~~~~~~~~
../src/main.h:135:13: warning: 'Pointer_port_5' defined but not used [-Wunused-variable]
 static int *Pointer_port_5;
             ^~~~~~~~~~~~~~
../src/main.h:134:13: warning: 'Pointer_port_4' defined but not used [-Wunused-variable]
 static int *Pointer_port_4;
             ^~~~~~~~~~~~~~
../src/main.h:133:13: warning: 'Pointer_port_3' defined but not used [-Wunused-variable]
 static int *Pointer_port_3;
             ^~~~~~~~~~~~~~
../src/main.h:132:13: warning: 'Pointer_port_2' defined but not used [-Wunused-variable]
 static int *Pointer_port_2;
             ^~~~~~~~~~~~~~
../src/main.h:131:13: warning: 'Pointer_port_1' defined but not used [-Wunused-variable]
 static int *Pointer_port_1;
             ^~~~~~~~~~~~~~
../src/main.h:130:13: warning: 'Pointer_port_0' defined but not used [-Wunused-variable]
 static int *Pointer_port_0;
             ^~~~~~~~~~~~~~
../src/main.h:128:13: warning: 'Pointer_Send' defined but not used [-Wunused-variable]
 static int *Pointer_Send;
             ^~~~~~~~~~~~
../src/main.h:88:12: warning: 'read_index_M_S' defined but not used [-Wunused-variable]
 static int read_index_M_S=0;
            ^~~~~~~~~~~~~~
../src/main.h:87:12: warning: 'read_index_Config' defined but not used [-Wunused-variable]
 static int read_index_Config=0;
            ^~~~~~~~~~~~~~~~~
../src/main.h:86:12: warning: 'read_index_15' defined but not used [-Wunused-variable]
 static int read_index_15=0;
            ^~~~~~~~~~~~~
../src/main.h:85:12: warning: 'read_index_14' defined but not used [-Wunused-variable]
 static int read_index_14=0;
            ^~~~~~~~~~~~~
../src/main.h:84:12: warning: 'read_index_13' defined but not used [-Wunused-variable]
 static int read_index_13=0;
            ^~~~~~~~~~~~~
../src/main.h:83:12: warning: 'read_index_12' defined but not used [-Wunused-variable]
 static int read_index_12=0;
            ^~~~~~~~~~~~~
../src/main.h:82:12: warning: 'read_index_11' defined but not used [-Wunused-variable]
 static int read_index_11=0;
            ^~~~~~~~~~~~~
../src/main.h:81:12: warning: 'read_index_10' defined but not used [-Wunused-variable]
 static int read_index_10=0;
            ^~~~~~~~~~~~~
../src/main.h:80:12: warning: 'read_index_9' defined but not used [-Wunused-variable]
 static int read_index_9=0;
            ^~~~~~~~~~~~
../src/main.h:79:12: warning: 'read_index_8' defined but not used [-Wunused-variable]
 static int read_index_8=0;
            ^~~~~~~~~~~~
../src/main.h:78:12: warning: 'read_index_7' defined but not used [-Wunused-variable]
 static int read_index_7=0;
            ^~~~~~~~~~~~
../src/main.h:77:12: warning: 'read_index_6' defined but not used [-Wunused-variable]
 static int read_index_6=0;
            ^~~~~~~~~~~~
../src/main.h:76:12: warning: 'read_index_5' defined but not used [-Wunused-variable]
 static int read_index_5=0;
            ^~~~~~~~~~~~
../src/main.h:75:12: warning: 'read_index_4' defined but not used [-Wunused-variable]
 static int read_index_4=0;
            ^~~~~~~~~~~~
../src/main.h:74:12: warning: 'read_index_3' defined but not used [-Wunused-variable]
 static int read_index_3=0;
            ^~~~~~~~~~~~
../src/main.h:73:12: warning: 'read_index_2' defined but not used [-Wunused-variable]
 static int read_index_2=0;
            ^~~~~~~~~~~~
../src/main.h:72:12: warning: 'read_index_1' defined but not used [-Wunused-variable]
 static int read_index_1=0;
            ^~~~~~~~~~~~
../src/main.h:71:12: warning: 'read_index_0' defined but not used [-Wunused-variable]
 static int read_index_0=0;
            ^~~~~~~~~~~~
../src/main.h:67:33: warning: 'Count_M_S' defined but not used [-Wunused-variable]
  u32 static *write_index_M_S,  *Count_M_S;
                                 ^~~~~~~~~
../src/main.h:67:14: warning: 'write_index_M_S' defined but not used [-Wunused-variable]
  u32 static *write_index_M_S,  *Count_M_S;
              ^~~~~~~~~~~~~~~
../src/main.h:66:35: warning: 'Count_Config' defined but not used [-Wunused-variable]
  u32 static *write_index_Config, *Count_Config;
                                   ^~~~~~~~~~~~
../src/main.h:66:14: warning: 'write_index_Config' defined but not used [-Wunused-variable]
  u32 static *write_index_Config, *Count_Config;
              ^~~~~~~~~~~~~~~~~~
../src/main.h:65:32: warning: 'Count_15' defined but not used [-Wunused-variable]
  u32 static *write_index_15,  *Count_15;
                                ^~~~~~~~
../src/main.h:65:14: warning: 'write_index_15' defined but not used [-Wunused-variable]
  u32 static *write_index_15,  *Count_15;
              ^~~~~~~~~~~~~~
../src/main.h:64:32: warning: 'Count_14' defined but not used [-Wunused-variable]
  u32 static *write_index_14,  *Count_14;
                                ^~~~~~~~
../src/main.h:64:14: warning: 'write_index_14' defined but not used [-Wunused-variable]
  u32 static *write_index_14,  *Count_14;
              ^~~~~~~~~~~~~~
../src/main.h:63:32: warning: 'Count_13' defined but not used [-Wunused-variable]
  u32 static *write_index_13,  *Count_13;
                                ^~~~~~~~
../src/main.h:63:14: warning: 'write_index_13' defined but not used [-Wunused-variable]
  u32 static *write_index_13,  *Count_13;
              ^~~~~~~~~~~~~~
../src/main.h:62:32: warning: 'Count_12' defined but not used [-Wunused-variable]
  u32 static *write_index_12,  *Count_12;
                                ^~~~~~~~
../src/main.h:62:14: warning: 'write_index_12' defined but not used [-Wunused-variable]
  u32 static *write_index_12,  *Count_12;
              ^~~~~~~~~~~~~~
../src/main.h:61:32: warning: 'Count_11' defined but not used [-Wunused-variable]
  u32 static *write_index_11,  *Count_11;
                                ^~~~~~~~
../src/main.h:61:14: warning: 'write_index_11' defined but not used [-Wunused-variable]
  u32 static *write_index_11,  *Count_11;
              ^~~~~~~~~~~~~~
../src/main.h:60:32: warning: 'Count_10' defined but not used [-Wunused-variable]
  u32 static *write_index_10,  *Count_10;
                                ^~~~~~~~
../src/main.h:60:14: warning: 'write_index_10' defined but not used [-Wunused-variable]
  u32 static *write_index_10,  *Count_10;
              ^~~~~~~~~~~~~~
../src/main.h:59:32: warning: 'Count_9' defined but not used [-Wunused-variable]
  u32 static *write_index_9,   *Count_9;
                                ^~~~~~~
../src/main.h:59:14: warning: 'write_index_9' defined but not used [-Wunused-variable]
  u32 static *write_index_9,   *Count_9;
              ^~~~~~~~~~~~~
../src/main.h:58:32: warning: 'Count_8' defined but not used [-Wunused-variable]
  u32 static *write_index_8,   *Count_8;
                                ^~~~~~~
../src/main.h:58:14: warning: 'write_index_8' defined but not used [-Wunused-variable]
  u32 static *write_index_8,   *Count_8;
              ^~~~~~~~~~~~~
../src/main.h:57:32: warning: 'Count_7' defined but not used [-Wunused-variable]
  u32 static *write_index_7,   *Count_7;
                                ^~~~~~~
../src/main.h:57:14: warning: 'write_index_7' defined but not used [-Wunused-variable]
  u32 static *write_index_7,   *Count_7;
              ^~~~~~~~~~~~~
../src/main.h:56:32: warning: 'Count_6' defined but not used [-Wunused-variable]
  u32 static *write_index_6,   *Count_6;
                                ^~~~~~~
[...]
                 from ../src/eth_protocol.h:12,
                 from ../src/main.c:45:
../src/ports_features.h:142:6: note: expected 'struct Protocol_Structure *' but argument is of type 'struct Protocol_Structure *'
 void assign_user_initials_to_ports(XUart_config_register *config ,struct uart_port_features * uart_port_features , struct Protocol_Structure* DDCMP , struct Protocol_Structure* Asterix);
      ^~~~~~~~~~~~~~~~~~~~~~~~~~~~~
../src/main.c:683:63: warning: passing argument 3 of 'assign_user_initials_to_ports' from incompatible pointer type [-Wincompatible-pointer-types]
   assign_user_initials_to_ports(&config ,uart_port_features , &DDCMP , &Asterix);
                                                               ^
In file included from ../src/protocol.h:19:0,
                 from ../src/eth_protocol.h:12,
                 from ../src/main.c:45:
../src/ports_features.h:142:6: note: expected 'struct Protocol_Structure *' but argument is of type 'struct Protocol_Structure *'
 void assign_user_initials_to_ports(XUart_config_register *config ,struct uart_port_features * uart_port_features , struct Protocol_Structure* DDCMP , struct Protocol_Structure* Asterix);
      ^~~~~~~~~~~~~~~~~~~~~~~~~~~~~
../src/main.c:683:72: warning: passing argument 4 of 'assign_user_initials_to_ports' from incompatible pointer type [-Wincompatible-pointer-types]
   assign_user_initials_to_ports(&config ,uart_port_features , &DDCMP , &Asterix);
                                                                        ^
In file included from ../src/protocol.h:19:0,
                 from ../src/eth_protocol.h:12,
                 from ../src/main.c:45:
../src/ports_features.h:142:6: note: expected 'struct Protocol_Structure *' but argument is of type 'struct Protocol_Structure *'
 void assign_user_initials_to_ports(XUart_config_register *config ,struct uart_port_features * uart_port_features , struct Protocol_Structure* DDCMP , struct Protocol_Structure* Asterix);
      ^~~~~~~~~~~~~~~~~~~~~~~~~~~~~
../src/main.c:919:18: warning: unused variable 'errr' [-Wunused-variable]
              int errr=0;
                  ^~~~
../src/main.c:1012:159: warning: passing argument 6 of 'Serial2Eth_Set_Ethernet_Header_Values' makes integer from pointer without a cast [-Wint-conversion]
      Serial2Eth_Set_Ethernet_Header_Values( true , Serial2Eth_Ethernet_Header , Serial2Eth_Ethernet_Preamble_Size ,  Port_Specifications  ,  Ports_Protocol , uart_port_features , i , &Ethernet_Port_spec);
                                                                                                                                                               ^~~~~~~~~~~~~~~~~~
In file included from ../src/main.c:45:0:
../src/eth_protocol.h:126:5: note: expected 'int' but argument is of type 'struct uart_port_features *'
 int Serial2Eth_Set_Ethernet_Header_Values(bool default_setting , u8* Eth_Header , int Eth_Preamble_Size , struct port_specifications* Port_Specifications , struct Protocol_Structure* Ports_Protocol , int Port_number, struct uart_port_features* uart_port_features, struct Ethernet_Port_spec* Ethernet_Port_spec);
     ^~~~~~~~~~~~~~~~~~~~~~~~~~~~~~~~~~~~~
../src/main.c:1012:180: warning: passing argument 7 of 'Serial2Eth_Set_Ethernet_Header_Values' makes pointer from integer without a cast [-Wint-conversion]
      Serial2Eth_Set_Ethernet_Header_Values( true , Serial2Eth_Ethernet_Header , Serial2Eth_Ethernet_Preamble_Size ,  Port_Specifications  ,  Ports_Protocol , uart_port_features , i , &Ethernet_Port_spec);
                                                                                                                                                                                    ^
In file included from ../src/main.c:45:0:
../src/eth_protocol.h:126:5: note: expected 'struct uart_port_features *' but argument is of type 'int'
 int Serial2Eth_Set_Ethernet_Header_Values(bool default_setting , u8* Eth_Header , int Eth_Preamble_Size , struct port_specifications* Port_Specifications , struct Protocol_Structure* Ports_Protocol , int Port_number, struct uart_port_features* uart_port_features, struct Ethernet_Port_spec* Ethernet_Port_spec);
     ^~~~~~~~~~~~~~~~~~~~~~~~~~~~~~~~~~~~~
../src/main.c:1155:4: warning: implicit declaration of function 'Eth_Check_Input_Data' [-Wimplicit-function-declaration]
    Eth_Check_Input_Data( Eth_RcvBuff , &Ethernet_Port_spec , &referenced_protocols , &Diagnostics);
    ^~~~~~~~~~~~~~~~~~~~
../src/main.c:284:8: warning: variable 'err' set but not used [-Wunused-but-set-variable]
  err_t err;
        ^~~
../src/main.c:266:6: warning: unused variable 'activity_Avg' [-Wunused-variable]
  int activity_Avg = 0;
      ^~~~~~~~~~~~
../src/main.c:264:6: warning: unused variable 'activity_counter' [-Wunused-variable]
  int activity_counter = 0;
      ^~~~~~~~~~~~~~~~
../src/main.c:259:6: warning: unused variable 'Status' [-Wunused-variable]
  int Status;
      ^~~~~~
../src/main.c: In function 'Rcv_callbck':
../src/main.c:1417:7: warning: unused variable 'status' [-Wunused-variable]
  bool status = true;
       ^~~~~~
../src/main.c: In function 'serial_send_data':
../src/main.c:1818:6: warning: variable 'status' set but not used [-Wunused-but-set-variable]
  int status;
      ^~~~~~
../src/main.c: In function 'check_serial_input_fifo':
../src/main.c:2463:6: warning: variable 'write_new_data' set but not used [-Wunused-but-set-variable]
 bool write_new_data[16];
      ^~~~~~~~~~~~~~
../src/main.c:2459:5: warning: variable 'error_count' set but not used [-Wunused-but-set-variable]
 int error_count;
     ^~~~~~~~~~~
../src/main.c: In function 'DataAbortIntrHandler':
../src/main.c:3249:23: warning: unknown escape sequence: '\l'
  __asm__ __volatile__("\n\ldr %0, [sp,#44]"  : "=r" (addr));
                       ^~~~~~~~~~~~~~~~~~~~~
../src/main.c: In function 'check_timer_overflows':
../src/main.c:3269:3: warning: unused variable 'count_10ms' [-Wunused-variable]
   count_10ms  = 0,
   ^~~~~~~~~~
../src/main.c:3268:3: warning: unused variable 'count_5ms' [-Wunused-variable]
   count_5ms  = 0,
   ^~~~~~~~~
At top level:
../src/main.c:3268:3: warning: 'count_5ms' defined but not used [-Wunused-variable]
../src/main.c:3269:3: warning: 'count_10ms' defined but not used [-Wunused-variable]
   count_10ms  = 0,
   ^~~~~~~~~~
../src/main.c:1472:14: warning: 'client_connected' defined but not used [-Wunused-function]
 static err_t client_connected(void *arg, struct tcp_pcb *pcb, err_t err)
              ^~~~~~~~~~~~~~~~
../src/main.c:189:34: warning: 'Master_Board_Master_Activity' defined but not used [-Wunused-variable]
 static struct Activity_structure Master_Board_Master_Activity;
                                  ^~~~~~~~~~~~~~~~~~~~~~~~~~~~
In file included from ../src/main.c:60:0:
../src/main.h:128:13: warning: 'Pointer_Send' defined but not used [-Wunused-variable]
 static int *Pointer_Send;
             ^~~~~~~~~~~~
'Finished building: ../src/main.c'
' '
'Building target: Eth2Ser.elf'
'Invoking: ARM v7 gcc linker'
arm-none-eabi-gcc -mcpu=cortex-a9 -mfpu=vfpv3 -mfloat-abi=hard -Wl,-build-id=none -specs=Xilinx.spec -Wl,-T -Wl,../src/lscript.ld -L../../Eth2Ser_bsp/ps7_cortexa9_0/lib -o "Eth2Ser.elf"  ./src/Keypad.o ./src/LCD_Keypad_User_Init.o ./src/Redundancy.o ./src/Timers.o ./src/crc.o ./src/echo.o ./src/eth_protocol.o ./src/glcd.o ./src/gpio.o ./src/i2c_access.o ./src/iic_phyreset.o ./src/main.o ./src/platform.o ./src/platform_mb.o ./src/platform_ppc.o ./src/platform_zynq.o ./src/platform_zynqmp.o ./src/ports_features.o ./src/protocol.o ./src/sfp.o ./src/si5324.o ./src/uart.o   -Wl,--start-group,-lxil,-lgcc,-lc,--end-group -Wl,--start-group,-lxil,-llwip4,-lgcc,-lc,--end-group
'Finished building target: Eth2Ser.elf'
' '
'Invoking: ARM v7 Print Size'
arm-none-eabi-size Eth2Ser.elf  |tee "Eth2Ser.elf.size"
   text	   data	    bss	    dec	    hex	filename
 310732	   4392	3266848	3581972	 36a814	Eth2Ser.elf
'Finished building: Eth2Ser.elf.size'
' '
15:27:42 **** Auto Build of configuration Debug for project Eth2Ser ****
make pre-build main-build 
a9-linaro-pre-build-step
' '
'Building file: ../src/main.c'
'Invoking: ARM v7 gcc compiler'
arm-none-eabi-gcc -Wall -O0 -g3 -c -fmessage-length=0 -MT"src/main.o" -mcpu=cortex-a9 -mfpu=vfpv3 -mfloat-abi=hard -I../../Eth2Ser_bsp/ps7_cortexa9_0/include -MMD -MP -MF"src/main.d" -MT"src/main.o" -o "src/main.o" "../src/main.c"
In file included from ../src/protocol.h:19:0,
                 from ../src/eth_protocol.h:12,
                 from ../src/main.c:45:
../src/ports_features.h:142:123: warning: 'struct Protocol_Structure' declared inside parameter list will not be visible outside of this definition or declaration
 void assign_user_initials_to_ports(XUart_config_register *config ,struct uart_port_features * uart_port_features , struct Protocol_Structure* DDCMP , struct Protocol_Structure* Asterix);
                                                                                                                           ^~~~~~~~~~~~~~~~~~
In file included from ../src/main.c:60:0:
../src/main.h:13:0: warning: "INTC_DEVICE_ID" redefined
 #define INTC_DEVICE_ID    XPAR_PS7_SCUGIC_0_DEVICE_ID
 
In file included from ../src/protocol.h:18:0,
                 from ../src/eth_protocol.h:12,
                 from ../src/main.c:45:
../src/uart.h:63:0: note: this is the location of the previous definition
 #define INTC_DEVICE_ID  XPAR_SCUGIC_SINGLE_DEVICE_ID
 
In file included from ../src/LCD_Keypad_User_Init.h:12:0,
                 from ../src/main.c:68:
../src/stdutiles.h:47:0: warning: ignoring #pragma OT  [-Wunknown-pragmas]
 #pragma OT(9)       /* Selcet highest level of optimization */
 
In file included from ../src/main.c:71:0:
../src/Timers.h:24:0: warning: "TRUE" redefined
 #define TRUE  1
 
In file included from ../../Eth2Ser_bsp/ps7_cortexa9_0/include/xil_printf.h:11:0,
                 from ../src/main.c:39:
../../Eth2Ser_bsp/ps7_cortexa9_0/include/xil_types.h:65:0: note: this is the location of the previous definition
 #  define TRUE  1U
 
In file included from ../src/main.c:71:0:
../src/Timers.h:25:0: warning: "FALSE" redefined
 #define FALSE 0
 
In file included from ../../Eth2Ser_bsp/ps7_cortexa9_0/include/xil_printf.h:11:0,
                 from ../src/main.c:39:
../../Eth2Ser_bsp/ps7_cortexa9_0/include/xil_types.h:69:0: note: this is the location of the previous definition
 #  define FALSE  0U
 
../src/main.c:104:0: warning: "INTC_DEVICE_ID" redefined
 #define INTC_DEVICE_ID  XPAR_SCUGIC_SINGLE_DEVICE_ID
 
In file included from ../src/main.c:60:0:
../src/main.h:13:0: note: this is the location of the previous definition
 #define INTC_DEVICE_ID    XPAR_PS7_SCUGIC_0_DEVICE_ID
 
../src/main.c: In function 'main':
../src/main.c:342:3: warning: implicit declaration of function 'usleep' [-Wimplicit-function-declaration]
   usleep(2000);
   ^~~~~~
../src/main.c:633:63: warning: passing argument 3 of 'assign_user_initials_to_ports' from incompatible pointer type [-Wincompatible-pointer-types]
   assign_user_initials_to_ports(&config ,uart_port_features , &DDCMP , &Asterix);
                                                               ^
In file included from ../src/protocol.h:19:0,
                 from ../src/eth_protocol.h:12,
                 from ../src/main.c:45:
../src/ports_features.h:142:6: note: expected 'struct Protocol_Structure *' but argument is of type 'struct Protocol_Structure *'
 void assign_user_initials_to_ports(XUart_config_register *config ,struct uart_port_features * uart_port_features , struct Protocol_Structure* DDCMP , struct Protocol_Structure* Asterix);
      ^~~~~~~~~~~~~~~~~~~~~~~~~~~~~
../src/main.c:633:72: warning: passing argument 4 of 'assign_user_initials_to_ports' from incompatible pointer type [-Wincompatible-pointer-types]
   assign_user_initials_to_ports(&config ,uart_port_features , &DDCMP , &Asterix);
                                                                        ^
In file included from ../src/protocol.h:19:0,
                 from ../src/eth_protocol.h:12,
                 from ../src/main.c:45:
../src/ports_features.h:142:6: note: expected 'struct Protocol_Structure *' but argument is of type 'struct Protocol_Structure *'
 void assign_user_initials_to_ports(XUart_config_register *config ,struct uart_port_features * uart_port_features , struct Protocol_Structure* DDCMP , struct Protocol_Structure* Asterix);
      ^~~~~~~~~~~~~~~~~~~~~~~~~~~~~
../src/main.c:683:63: warning: passing argument 3 of 'assign_user_initials_to_ports' from incompatible pointer type [-Wincompatible-pointer-types]
   assign_user_initials_to_ports(&config ,uart_port_features , &DDCMP , &Asterix);
                                                               ^
In file included from ../src/protocol.h:19:0,
                 from ../src/eth_protocol.h:12,
                 from ../src/main.c:45:
../src/ports_features.h:142:6: note: expected 'struct Protocol_Structure *' but argument is of type 'struct Protocol_Structure *'
 void assign_user_initials_to_ports(XUart_config_register *config ,struct uart_port_features * uart_port_features , struct Protocol_Structure* DDCMP , struct Protocol_Structure* Asterix);
      ^~~~~~~~~~~~~~~~~~~~~~~~~~~~~
../src/main.c:683:72: warning: passing argument 4 of 'assign_user_initials_to_ports' from incompatible pointer type [-Wincompatible-pointer-types]
   assign_user_initials_to_ports(&config ,uart_port_features , &DDCMP , &Asterix);
                                                                        ^
In file included from ../src/protocol.h:19:0,
                 from ../src/eth_protocol.h:12,
                 from ../src/main.c:45:
../src/ports_features.h:142:6: note: expected 'struct Protocol_Structure *' but argument is of type 'struct Protocol_Structure *'
 void assign_user_initials_to_ports(XUart_config_register *config ,struct uart_port_features * uart_port_features , struct Protocol_Structure* DDCMP , struct Protocol_Structure* Asterix);
      ^~~~~~~~~~~~~~~~~~~~~~~~~~~~~
../src/main.c:919:18: warning: unused variable 'errr' [-Wunused-variable]
              int errr=0;
                  ^~~~
../src/main.c:1012:159: warning: passing argument 6 of 'Serial2Eth_Set_Ethernet_Header_Values' makes integer from pointer without a cast [-Wint-conversion]
      Serial2Eth_Set_Ethernet_Header_Values( true , Serial2Eth_Ethernet_Header , Serial2Eth_Ethernet_Preamble_Size ,  Port_Specifications  ,  Ports_Protocol , uart_port_features , i , &Ethernet_Port_spec);
                                                                                                                                                               ^~~~~~~~~~~~~~~~~~
In file included from ../src/main.c:45:0:
../src/eth_protocol.h:126:5: note: expected 'int' but argument is of type 'struct uart_port_features *'
 int Serial2Eth_Set_Ethernet_Header_Values(bool default_setting , u8* Eth_Header , int Eth_Preamble_Size , struct port_specifications* Port_Specifications , struct Protocol_Structure* Ports_Protocol , int Port_number, struct uart_port_features* uart_port_features, struct Ethernet_Port_spec* Ethernet_Port_spec);
     ^~~~~~~~~~~~~~~~~~~~~~~~~~~~~~~~~~~~~
../src/main.c:1012:180: warning: passing argument 7 of 'Serial2Eth_Set_Ethernet_Header_Values' makes pointer from integer without a cast [-Wint-conversion]
      Serial2Eth_Set_Ethernet_Header_Values( true , Serial2Eth_Ethernet_Header , Serial2Eth_Ethernet_Preamble_Size ,  Port_Specifications  ,  Ports_Protocol , uart_port_features , i , &Ethernet_Port_spec);
                                                                                                                                                                                    ^
In file included from ../src/main.c:45:0:
../src/eth_protocol.h:126:5: note: expected 'struct uart_port_features *' but argument is of type 'int'
 int Serial2Eth_Set_Ethernet_Header_Values(bool default_setting , u8* Eth_Header , int Eth_Preamble_Size , struct port_specifications* Port_Specifications , struct Protocol_Structure* Ports_Protocol , int Port_number, struct uart_port_features* uart_port_features, struct Ethernet_Port_spec* Ethernet_Port_spec);
     ^~~~~~~~~~~~~~~~~~~~~~~~~~~~~~~~~~~~~
../src/main.c:1155:4: warning: implicit declaration of function 'Eth_Check_Input_Data' [-Wimplicit-function-declaration]
    Eth_Check_Input_Data( Eth_RcvBuff , &Ethernet_Port_spec , &referenced_protocols , &Diagnostics);
    ^~~~~~~~~~~~~~~~~~~~
../src/main.c:284:8: warning: variable 'err' set but not used [-Wunused-but-set-variable]
  err_t err;
        ^~~
../src/main.c:266:6: warning: unused variable 'activity_Avg' [-Wunused-variable]
  int activity_Avg = 0;
      ^~~~~~~~~~~~
../src/main.c:264:6: warning: unused variable 'activity_counter' [-Wunused-variable]
  int activity_counter = 0;
      ^~~~~~~~~~~~~~~~
../src/main.c:259:6: warning: unused variable 'Status' [-Wunused-variable]
  int Status;
      ^~~~~~
../src/main.c: In function 'Rcv_callbck':
../src/main.c:1417:7: warning: unused variable 'status' [-Wunused-variable]
  bool status = true;
       ^~~~~~
../src/main.c: In function 'serial_send_data':
../src/main.c:1818:6: warning: variable 'status' set but not used [-Wunused-but-set-variable]
  int status;
      ^~~~~~
../src/main.c: In function 'check_serial_input_fifo':
../src/main.c:2463:6: warning: variable 'write_new_data' set but not used [-Wunused-but-set-variable]
 bool write_new_data[16];
      ^~~~~~~~~~~~~~
../src/main.c:2459:5: warning: variable 'error_count' set but not used [-Wunused-but-set-variable]
 int error_count;
     ^~~~~~~~~~~
../src/main.c: In function 'DataAbortIntrHandler':
../src/main.c:3249:23: warning: unknown escape sequence: '\l'
  __asm__ __volatile__("\n\ldr %0, [sp,#44]"  : "=r" (addr));
                       ^~~~~~~~~~~~~~~~~~~~~
../src/main.c: In function 'check_timer_overflows':
../src/main.c:3269:3: warning: unused variable 'count_10ms' [-Wunused-variable]
   count_10ms  = 0,
   ^~~~~~~~~~
../src/main.c:3268:3: warning: unused variable 'count_5ms' [-Wunused-variable]
   count_5ms  = 0,
   ^~~~~~~~~
At top level:
../src/main.c:3268:3: warning: 'count_5ms' defined but not used [-Wunused-variable]
../src/main.c:3269:3: warning: 'count_10ms' defined but not used [-Wunused-variable]
   count_10ms  = 0,
   ^~~~~~~~~~
../src/main.c:1472:14: warning: 'client_connected' defined but not used [-Wunused-function]
 static err_t client_connected(void *arg, struct tcp_pcb *pcb, err_t err)
              ^~~~~~~~~~~~~~~~
../src/main.c:189:34: warning: 'Master_Board_Master_Activity' defined but not used [-Wunused-variable]
 static struct Activity_structure Master_Board_Master_Activity;
                                  ^~~~~~~~~~~~~~~~~~~~~~~~~~~~
In file included from ../src/main.c:60:0:
../src/main.h:128:13: warning: 'Pointer_Send' defined but not used [-Wunused-variable]
 static int *Pointer_Send;
             ^~~~~~~~~~~~
'Finished building: ../src/main.c'
' '
'Building target: Eth2Ser.elf'
'Invoking: ARM v7 gcc linker'
arm-none-eabi-gcc -mcpu=cortex-a9 -mfpu=vfpv3 -mfloat-abi=hard -Wl,-build-id=none -specs=Xilinx.spec -Wl,-T -Wl,../src/lscript.ld -L../../Eth2Ser_bsp/ps7_cortexa9_0/lib -o "Eth2Ser.elf"  ./src/Keypad.o ./src/LCD_Keypad_User_Init.o ./src/Redundancy.o ./src/Timers.o ./src/crc.o ./src/echo.o ./src/eth_protocol.o ./src/glcd.o ./src/gpio.o ./src/i2c_access.o ./src/iic_phyreset.o ./src/main.o ./src/platform.o ./src/platform_mb.o ./src/platform_ppc.o ./src/platform_zynq.o ./src/platform_zynqmp.o ./src/ports_features.o ./src/protocol.o ./src/sfp.o ./src/si5324.o ./src/uart.o   -Wl,--start-group,-lxil,-lgcc,-lc,--end-group -Wl,--start-group,-lxil,-llwip4,-lgcc,-lc,--end-group
'Finished building target: Eth2Ser.elf'
' '
'Invoking: ARM v7 Print Size'
arm-none-eabi-size Eth2Ser.elf  |tee "Eth2Ser.elf.size"
   text	   data	    bss	    dec	    hex	filename
 310732	   4392	3266848	3581972	 36a814	Eth2Ser.elf
'Finished building: Eth2Ser.elf.size'
' '
